[techydevs.com/demos/trizen/html/index4.html]
[backblue.gif]
[fade.gif]
[index.html]
[techydevs.com/demos/trizen/html/images/favicon.png]
[techydevs.com/demos/trizen/html/css/bootstrap.min.css]
[techydevs.com/demos/trizen/html/css/bootstrap-select.min.css]
[techydevs.com/demos/trizen/html/css/line-awesome.css]
[techydevs.com/demos/trizen/html/css/owl.carousel.min.css]
[techydevs.com/demos/trizen/html/css/owl.theme.default.min.css]
[techydevs.com/demos/trizen/html/css/jquery.fancybox.min.css]
[techydevs.com/demos/trizen/html/css/daterangepicker.css]
[techydevs.com/demos/trizen/html/css/animated-headline.css]
[techydevs.com/demos/trizen/html/css/jquery-ui.css]
[techydevs.com/demos/trizen/html/css/flag-icon.min.css]
[techydevs.com/demos/trizen/html/become-local-expert.html]
[techydevs.com/demos/trizen/html/index.html]
[techydevs.com/demos/trizen/html/css/style.css]
[techydevs.com/demos/trizen/html/images/logo.png]
[techydevs.com/demos/trizen/html/index2.html]
[techydevs.com/demos/trizen/html/index3.html]
[techydevs.com/demos/trizen/html/index5.html]
[techydevs.com/demos/trizen/html/index6.html]
[techydevs.com/demos/trizen/html/index7.html]
[techydevs.com/demos/trizen/html/index8.html]
[techydevs.com/demos/trizen/html/tour-fullwidth.html]
[techydevs.com/demos/trizen/html/tour-grid.html]
[techydevs.com/demos/trizen/html/tour-list.html]
[techydevs.com/demos/trizen/html/tour-left-sidebar.html]
[techydevs.com/demos/trizen/html/tour-right-sidebar.html]
[techydevs.com/demos/trizen/html/tour-details.html]
[techydevs.com/demos/trizen/html/tour-booking.html]
[techydevs.com/demos/trizen/html/tour-search-result.html]
[techydevs.com/demos/trizen/html/cruises.html]
[techydevs.com/demos/trizen/html/cruises-list.html]
[techydevs.com/demos/trizen/html/cruise-sidebar.html]
[techydevs.com/demos/trizen/html/cruise-details.html]
[techydevs.com/demos/trizen/html/cruise-search-result.html]
[techydevs.com/demos/trizen/html/add-hotel.html]
[techydevs.com/demos/trizen/html/add-flight.html]
[techydevs.com/demos/trizen/html/add-cruise.html]
[techydevs.com/demos/trizen/html/add-car.html]
[techydevs.com/demos/trizen/html/user-dashboard.html]
[techydevs.com/demos/trizen/html/admin-dashboard.html]
[techydevs.com/demos/trizen/html/career.html]
[techydevs.com/demos/trizen/html/route-map.html]
[techydevs.com/demos/trizen/html/route.html]
[techydevs.com/demos/trizen/html/route-destination.html]
[techydevs.com/demos/trizen/html/career-details.html]
[techydevs.com/demos/trizen/html/user-profile.html]
[techydevs.com/demos/trizen/html/contact.html]
[techydevs.com/demos/trizen/html/cart.html]
[techydevs.com/demos/trizen/html/checkout.html]
[techydevs.com/demos/trizen/html/recover.html]
[techydevs.com/demos/trizen/html/payment-received.html]
[techydevs.com/demos/trizen/html/payment-complete.html]
[techydevs.com/demos/trizen/html/destinations.html]
[techydevs.com/demos/trizen/html/about.html]
[techydevs.com/demos/trizen/html/services.html]
[techydevs.com/demos/trizen/html/gallery.html]
[techydevs.com/demos/trizen/html/pricing.html]
[techydevs.com/demos/trizen/html/faq.html]
[techydevs.com/demos/trizen/html/add-new-post.html]
[techydevs.com/demos/trizen/html/blog-full-width.html]
[techydevs.com/demos/trizen/html/blog-grid.html]
[techydevs.com/demos/trizen/html/blog-sidebar.html]
[techydevs.com/demos/trizen/html/blog-single.html]
[techydevs.com/demos/trizen/html/coming-soon.html]
[techydevs.com/demos/trizen/html/flight-grid.html]
[techydevs.com/demos/trizen/html/flight-list.html]
[techydevs.com/demos/trizen/html/page-404.html]
[techydevs.com/demos/trizen/html/flight-sidebar.html]
[techydevs.com/demos/trizen/html/flight-single.html]
[techydevs.com/demos/trizen/html/flight-booking.html]
[techydevs.com/demos/trizen/html/flight-search-result.html]
[techydevs.com/demos/trizen/html/hotel-grid.html]
[techydevs.com/demos/trizen/html/hotel-list.html]
[techydevs.com/demos/trizen/html/hotel-sidebar.html]
[techydevs.com/demos/trizen/html/hotel-single.html]
[techydevs.com/demos/trizen/html/hotel-booking.html]
[techydevs.com/demos/trizen/html/hotel-search-result.html]
[techydevs.com/demos/trizen/html/room-list.html]
[techydevs.com/demos/trizen/html/room-grid.html]
[techydevs.com/demos/trizen/html/room-search-result.html]
[techydevs.com/demos/trizen/html/room-search-result-list.html]
[techydevs.com/demos/trizen/html/room-details.html]
[techydevs.com/demos/trizen/html/car-grid.html]
[techydevs.com/demos/trizen/html/car-list.html]
[techydevs.com/demos/trizen/html/car-sidebar.html]
[techydevs.com/demos/trizen/html/car-single.html]
[techydevs.com/demos/trizen/html/car-booking.html]
[techydevs.com/demos/trizen/html/car-search-result.html]
[techydevs.com/demos/trizen/html/images/car-img.png]
[techydevs.com/demos/trizen/html/images/car-img2.png]
[techydevs.com/demos/trizen/html/images/car-img3.png]
[techydevs.com/demos/trizen/html/images/car-img4.png]
[techydevs.com/demos/trizen/html/images/car-img5.png]
[techydevs.com/demos/trizen/html/images/car-img6.png]
[techydevs.com/demos/trizen/html/images/alamo.png]
[techydevs.com/demos/trizen/html/images/europcar.png]
[techydevs.com/demos/trizen/html/images/hertz.png]
[techydevs.com/demos/trizen/html/images/national.png]
[techydevs.com/demos/trizen/html/images/thrifty.png]
[techydevs.com/demos/trizen/html/images/vologo.png]
[techydevs.com/demos/trizen/html/images/destination-img2.jpg]
[techydevs.com/demos/trizen/html/images/destination-img3.jpg]
[techydevs.com/demos/trizen/html/images/destination-img4.jpg]
[techydevs.com/demos/trizen/html/images/destination-img7.jpg]
[techydevs.com/demos/trizen/html/images/destination-img8.jpg]
[techydevs.com/demos/trizen/html/js/jquery-3.4.1.min.js]
[techydevs.com/demos/trizen/html/js/popper.min.js]
[techydevs.com/demos/trizen/html/js/bootstrap.min.js]
[techydevs.com/demos/trizen/html/js/jquery-ui.js]
[techydevs.com/demos/trizen/html/js/bootstrap-select.min.js]
[techydevs.com/demos/trizen/html/js/moment.min.js]
[techydevs.com/demos/trizen/html/js/daterangepicker.js]
[techydevs.com/demos/trizen/html/js/owl.carousel.min.js]
[techydevs.com/demos/trizen/html/js/jquery.fancybox.min.js]
[techydevs.com/demos/trizen/html/js/jquery.countTo.min.js]
[techydevs.com/demos/trizen/html/js/animated-headline.js]
[techydevs.com/demos/trizen/html/js/main.js]
[techydevs.com/demos/trizen/html/index4.html]
[techydevs.com/demos/trizen/html/js/jquery.ripples-min.js]
[techydevs.com/demos/trizen/html/css/bootstrap.min.css]
[techydevs.com/demos/trizen/html/css/bootstrap-select.min.css]
[techydevs.com/demos/trizen/html/fonts/la-brands-400.eot]
[techydevs.com/demos/trizen/html/fonts/la-brands-400.ttf]
[techydevs.com/demos/trizen/html/fonts/la-regular-400.eot]
[techydevs.com/demos/trizen/html/fonts/la-brands-400d41d.eot]
[techydevs.com/demos/trizen/html/fonts/la-regular-400d41d.eot]
[techydevs.com/demos/trizen/html/fonts/la-regular-400.woff2]
[techydevs.com/demos/trizen/html/fonts/la-regular-400.woff]
[techydevs.com/demos/trizen/html/fonts/la-regular-400.ttf]
[techydevs.com/demos/trizen/html/fonts/la-brands-400.svg]
[techydevs.com/demos/trizen/html/fonts/la-regular-400.svg]
[techydevs.com/demos/trizen/html/fonts/la-solid-900.eot]
[techydevs.com/demos/trizen/html/fonts/la-solid-900.woff2]
[techydevs.com/demos/trizen/html/fonts/la-solid-900.woff]
[techydevs.com/demos/trizen/html/fonts/la-solid-900d41d.eot]
[techydevs.com/demos/trizen/html/css/line-awesome.css]
[techydevs.com/demos/trizen/html/fonts/la-solid-900.ttf]
[techydevs.com/demos/trizen/html/fonts/la-solid-900.svg]
[techydevs.com/demos/trizen/html/css/owl.video.play.png]
[techydevs.com/demos/trizen/html/css/owl.carousel.min.css]
[techydevs.com/demos/trizen/html/css/owl.theme.default.min.css]
[techydevs.com/demos/trizen/html/css/jquery.fancybox.min.css]
[techydevs.com/demos/trizen/html/css/daterangepicker.css]
[techydevs.com/demos/trizen/html/css/animated-headline.css]
[techydevs.com/demos/trizen/html/css/images/ui-icons_444444_256x240.png]
[techydevs.com/demos/trizen/html/css/images/ui-icons_555555_256x240.png]
[techydevs.com/demos/trizen/html/css/images/ui-icons_ffffff_256x240.png]
[techydevs.com/demos/trizen/html/css/images/ui-icons_777620_256x240.png]
[techydevs.com/demos/trizen/html/css/images/ui-icons_cc0000_256x240.png]
[techydevs.com/demos/trizen/html/css/images/ui-icons_777777_256x240.png]
[techydevs.com/demos/trizen/html/css/jquery-ui.css]
[techydevs.com/demos/trizen/html/flags/4x3/ad.svg]
[techydevs.com/demos/trizen/html/flags/1x1/ad.svg]
[techydevs.com/demos/trizen/html/flags/4x3/ae.svg]
[techydevs.com/demos/trizen/html/flags/1x1/ae.96.delayed]
[techydevs.com/demos/trizen/html/flags/4x3/af.svg]
[techydevs.com/demos/trizen/html/flags/1x1/af.svg]
[techydevs.com/demos/trizen/html/flags/4x3/ag.svg]
[techydevs.com/demos/trizen/html/flags/1x1/ag.svg]
[techydevs.com/demos/trizen/html/flags/4x3/ai.svg]
[techydevs.com/demos/trizen/html/flags/1x1/ai.svg]
[techydevs.com/demos/trizen/html/flags/4x3/al.svg]
[techydevs.com/demos/trizen/html/flags/1x1/al.svg]
[techydevs.com/demos/trizen/html/flags/4x3/am.svg]
[techydevs.com/demos/trizen/html/flags/4x3/ao.svg]
[techydevs.com/demos/trizen/html/flags/1x1/ao.svg]
[techydevs.com/demos/trizen/html/flags/4x3/aq.svg]
[techydevs.com/demos/trizen/html/flags/1x1/aq.svg]
[techydevs.com/demos/trizen/html/flags/4x3/ar.svg]
[techydevs.com/demos/trizen/html/flags/1x1/ar.svg]
[techydevs.com/demos/trizen/html/flags/4x3/as.svg]
[techydevs.com/demos/trizen/html/flags/1x1/as.svg]
[techydevs.com/demos/trizen/html/flags/4x3/at.svg]
[techydevs.com/demos/trizen/html/flags/1x1/at.aa.delayed]
[techydevs.com/demos/trizen/html/flags/4x3/au.svg]
[techydevs.com/demos/trizen/html/flags/1x1/au.svg]
[techydevs.com/demos/trizen/html/flags/4x3/aw.svg]
[techydevs.com/demos/trizen/html/flags/1x1/aw.svg]
[techydevs.com/demos/trizen/html/flags/4x3/ax.svg]
[techydevs.com/demos/trizen/html/flags/1x1/ax.svg]
[techydevs.com/demos/trizen/html/flags/4x3/az.svg]
[techydevs.com/demos/trizen/html/flags/1x1/az.svg]
[techydevs.com/demos/trizen/html/flags/4x3/ba.svg]
[techydevs.com/demos/trizen/html/flags/1x1/ba.svg]
[techydevs.com/demos/trizen/html/flags/4x3/bb.svg]
[techydevs.com/demos/trizen/html/flags/1x1/bb.svg]
[techydevs.com/demos/trizen/html/flags/1x1/bd.svg]
[techydevs.com/demos/trizen/html/flags/4x3/be.svg]
[techydevs.com/demos/trizen/html/flags/1x1/be.ba.delayed]
[techydevs.com/demos/trizen/html/flags/4x3/bf.svg]
[techydevs.com/demos/trizen/html/flags/1x1/bf.svg]
[techydevs.com/demos/trizen/html/flags/4x3/bg.svg]
[techydevs.com/demos/trizen/html/flags/4x3/bh.svg]
[techydevs.com/demos/trizen/html/flags/1x1/bh.svg]
[techydevs.com/demos/trizen/html/flags/4x3/bi.svg]
[techydevs.com/demos/trizen/html/flags/1x1/bi.svg]
[techydevs.com/demos/trizen/html/flags/4x3/bj.svg]
[techydevs.com/demos/trizen/html/flags/1x1/bj.svg]
[techydevs.com/demos/trizen/html/flags/4x3/bl.svg]
[techydevs.com/demos/trizen/html/flags/1x1/bl.c6.delayed]
[techydevs.com/demos/trizen/html/flags/4x3/bm.svg]
[techydevs.com/demos/trizen/html/flags/1x1/bm.svg]
[techydevs.com/demos/trizen/html/flags/4x3/bn.svg]
[techydevs.com/demos/trizen/html/flags/1x1/bn.svg]
[techydevs.com/demos/trizen/html/flags/4x3/bo.svg]
[techydevs.com/demos/trizen/html/flags/4x3/bq.svg]
[techydevs.com/demos/trizen/html/flags/1x1/bq.svg]
[techydevs.com/demos/trizen/html/flags/4x3/br.svg]
[techydevs.com/demos/trizen/html/flags/1x1/br.svg]
[techydevs.com/demos/trizen/html/flags/4x3/bs.svg]
[techydevs.com/demos/trizen/html/flags/1x1/bs.svg]
[techydevs.com/demos/trizen/html/flags/4x3/bt.svg]
[techydevs.com/demos/trizen/html/flags/1x1/bt.svg]
[techydevs.com/demos/trizen/html/flags/4x3/bv.svg]
[techydevs.com/demos/trizen/html/flags/1x1/bv.svg]
[techydevs.com/demos/trizen/html/flags/4x3/bw.svg]
[techydevs.com/demos/trizen/html/flags/4x3/by.svg]
[techydevs.com/demos/trizen/html/flags/1x1/by.svg]
[techydevs.com/demos/trizen/html/flags/4x3/bz.svg]
[techydevs.com/demos/trizen/html/flags/1x1/bz.dc.delayed]
[techydevs.com/demos/trizen/html/flags/4x3/ca.svg]
[techydevs.com/demos/trizen/html/flags/1x1/ca.svg]
[techydevs.com/demos/trizen/html/flags/4x3/cc.svg]
[techydevs.com/demos/trizen/html/flags/1x1/cc.svg]
[techydevs.com/demos/trizen/html/flags/4x3/cd.svg]
[techydevs.com/demos/trizen/html/flags/1x1/cd.svg]
[techydevs.com/demos/trizen/html/flags/4x3/cf.svg]
[techydevs.com/demos/trizen/html/flags/1x1/cf.svg]
[techydevs.com/demos/trizen/html/flags/4x3/cg.svg]
[techydevs.com/demos/trizen/html/flags/1x1/cg.svg]
[techydevs.com/demos/trizen/html/flags/4x3/ch.svg]
[techydevs.com/demos/trizen/html/flags/1x1/ch.svg]
[techydevs.com/demos/trizen/html/flags/4x3/ci.svg]
[techydevs.com/demos/trizen/html/flags/1x1/ci.ea.delayed]
[techydevs.com/demos/trizen/html/flags/4x3/ck.svg]
[techydevs.com/demos/trizen/html/flags/1x1/ck.svg]
[techydevs.com/demos/trizen/html/flags/4x3/cl.svg]
[techydevs.com/demos/trizen/html/flags/1x1/cl.svg]
[techydevs.com/demos/trizen/html/flags/4x3/cm.svg]
[techydevs.com/demos/trizen/html/flags/1x1/cm.svg]
[techydevs.com/demos/trizen/html/flags/4x3/cn.svg]
[techydevs.com/demos/trizen/html/flags/1x1/cn.svg]
[techydevs.com/demos/trizen/html/flags/4x3/co.svg]
[techydevs.com/demos/trizen/html/flags/1x1/co.f4.delayed]
[techydevs.com/demos/trizen/html/flags/4x3/cr.svg]
[techydevs.com/demos/trizen/html/flags/1x1/cr.svg]
[techydevs.com/demos/trizen/html/flags/4x3/cu.svg]
[techydevs.com/demos/trizen/html/flags/1x1/cu.svg]
[techydevs.com/demos/trizen/html/flags/4x3/cv.svg]
[techydevs.com/demos/trizen/html/flags/1x1/cv.svg]
[techydevs.com/demos/trizen/html/flags/4x3/cw.svg]
[techydevs.com/demos/trizen/html/flags/1x1/cw.svg]
[techydevs.com/demos/trizen/html/flags/4x3/cx.svg]
[techydevs.com/demos/trizen/html/flags/1x1/cx.svg]
[techydevs.com/demos/trizen/html/flags/4x3/cy.svg]
[techydevs.com/demos/trizen/html/flags/1x1/cy.svg]
[techydevs.com/demos/trizen/html/flags/4x3/cz.svg]
[techydevs.com/demos/trizen/html/flags/1x1/cz.102.delayed]
[techydevs.com/demos/trizen/html/flags/4x3/de.svg]
[techydevs.com/demos/trizen/html/flags/1x1/de.svg]
[techydevs.com/demos/trizen/html/flags/4x3/dj.svg]
[techydevs.com/demos/trizen/html/flags/1x1/dj.svg]
[techydevs.com/demos/trizen/html/flags/4x3/dk.svg]
[techydevs.com/demos/trizen/html/flags/4x3/dm.svg]
[techydevs.com/demos/trizen/html/flags/1x1/dm.svg]
[techydevs.com/demos/trizen/html/flags/4x3/do.svg]
[techydevs.com/demos/trizen/html/flags/1x1/do.10c.delayed]
[techydevs.com/demos/trizen/html/flags/4x3/dz.svg]
[techydevs.com/demos/trizen/html/flags/1x1/dz.svg]
[techydevs.com/demos/trizen/html/flags/4x3/ec.svg]
[techydevs.com/demos/trizen/html/flags/1x1/ec.svg]
[techydevs.com/demos/trizen/html/flags/4x3/ee.svg]
[techydevs.com/demos/trizen/html/flags/1x1/ee.svg]
[techydevs.com/demos/trizen/html/flags/1x1/eg.114.delayed]
[techydevs.com/demos/trizen/html/flags/4x3/eh.svg]
[techydevs.com/demos/trizen/html/flags/1x1/eh.svg]
[techydevs.com/demos/trizen/html/flags/1x1/er.118.delayed]
[techydevs.com/demos/trizen/html/flags/4x3/es.svg]
[techydevs.com/demos/trizen/html/flags/1x1/es.11a.delayed]
[techydevs.com/demos/trizen/html/flags/4x3/et.svg]
[techydevs.com/demos/trizen/html/flags/1x1/et.svg]
[techydevs.com/demos/trizen/html/flags/4x3/fi.svg]
[techydevs.com/demos/trizen/html/flags/4x3/fj.svg]
[techydevs.com/demos/trizen/html/flags/1x1/fj.svg]
[techydevs.com/demos/trizen/html/flags/4x3/fk.svg]
[techydevs.com/demos/trizen/html/flags/1x1/fk.svg]
[techydevs.com/demos/trizen/html/flags/4x3/fm.svg]
[techydevs.com/demos/trizen/html/flags/1x1/fm.svg]
[techydevs.com/demos/trizen/html/flags/4x3/fo.svg]
[techydevs.com/demos/trizen/html/flags/1x1/fo.svg]
[techydevs.com/demos/trizen/html/flags/4x3/fr.svg]
[techydevs.com/demos/trizen/html/flags/1x1/fr.128.delayed]
[techydevs.com/demos/trizen/html/flags/4x3/ga.svg]
[techydevs.com/demos/trizen/html/flags/1x1/ga.svg]
[techydevs.com/demos/trizen/html/flags/4x3/gd.svg]
[techydevs.com/demos/trizen/html/flags/1x1/gd.svg]
[techydevs.com/demos/trizen/html/flags/4x3/ge.svg]
[techydevs.com/demos/trizen/html/flags/1x1/ge.svg]
[techydevs.com/demos/trizen/html/flags/4x3/gf.svg]
[techydevs.com/demos/trizen/html/flags/1x1/gf.132.delayed]
[techydevs.com/demos/trizen/html/flags/4x3/gg.svg]
[techydevs.com/demos/trizen/html/flags/1x1/gg.svg]
[techydevs.com/demos/trizen/html/flags/4x3/gh.svg]
[techydevs.com/demos/trizen/html/flags/4x3/gi.svg]
[techydevs.com/demos/trizen/html/flags/1x1/gi.svg]
[techydevs.com/demos/trizen/html/flags/4x3/gl.svg]
[techydevs.com/demos/trizen/html/flags/1x1/gl.13a.delayed]
[techydevs.com/demos/trizen/html/flags/4x3/gm.svg]
[techydevs.com/demos/trizen/html/flags/1x1/gm.13c.delayed]
[techydevs.com/demos/trizen/html/flags/4x3/gn.svg]
[techydevs.com/demos/trizen/html/flags/1x1/gn.svg]
[techydevs.com/demos/trizen/html/flags/4x3/gp.svg]
[techydevs.com/demos/trizen/html/flags/1x1/gp.140.delayed]
[techydevs.com/demos/trizen/html/flags/4x3/gq.svg]
[techydevs.com/demos/trizen/html/flags/1x1/gq.svg]
[techydevs.com/demos/trizen/html/flags/4x3/gr.svg]
[techydevs.com/demos/trizen/html/flags/1x1/gr.svg]
[techydevs.com/demos/trizen/html/flags/4x3/gs.svg]
[techydevs.com/demos/trizen/html/flags/1x1/gs.svg]
[techydevs.com/demos/trizen/html/flags/4x3/gt.svg]
[techydevs.com/demos/trizen/html/flags/1x1/gt.svg]
[techydevs.com/demos/trizen/html/flags/4x3/gu.svg]
[techydevs.com/demos/trizen/html/flags/1x1/gu.svg]
[techydevs.com/demos/trizen/html/flags/4x3/gw.svg]
[techydevs.com/demos/trizen/html/flags/1x1/gw.svg]
[techydevs.com/demos/trizen/html/flags/4x3/gy.svg]
[techydevs.com/demos/trizen/html/flags/1x1/gy.svg]
[techydevs.com/demos/trizen/html/flags/4x3/hk.svg]
[techydevs.com/demos/trizen/html/flags/1x1/hk.svg]
[techydevs.com/demos/trizen/html/flags/4x3/hm.svg]
[techydevs.com/demos/trizen/html/flags/1x1/hm.svg]
[techydevs.com/demos/trizen/html/flags/4x3/hn.svg]
[techydevs.com/demos/trizen/html/flags/1x1/hn.svg]
[techydevs.com/demos/trizen/html/flags/4x3/hr.svg]
[techydevs.com/demos/trizen/html/flags/4x3/ht.svg]
[techydevs.com/demos/trizen/html/flags/1x1/ht.svg]
[techydevs.com/demos/trizen/html/flags/4x3/hu.svg]
[techydevs.com/demos/trizen/html/flags/1x1/hu.svg]
[techydevs.com/demos/trizen/html/flags/4x3/id.svg]
[techydevs.com/demos/trizen/html/flags/1x1/id.svg]
[techydevs.com/demos/trizen/html/flags/4x3/ie.svg]
[techydevs.com/demos/trizen/html/flags/1x1/ie.svg]
[techydevs.com/demos/trizen/html/flags/4x3/il.svg]
[techydevs.com/demos/trizen/html/flags/1x1/il.svg]
[techydevs.com/demos/trizen/html/flags/4x3/im.svg]
[techydevs.com/demos/trizen/html/flags/1x1/im.svg]
[techydevs.com/demos/trizen/html/flags/4x3/in.svg]
[techydevs.com/demos/trizen/html/flags/1x1/in.svg]
[techydevs.com/demos/trizen/html/flags/4x3/io.svg]
[techydevs.com/demos/trizen/html/flags/1x1/io.svg]
[techydevs.com/demos/trizen/html/flags/4x3/iq.svg]
[techydevs.com/demos/trizen/html/flags/1x1/iq.svg]
[techydevs.com/demos/trizen/html/flags/4x3/ir.svg]
[techydevs.com/demos/trizen/html/flags/1x1/ir.svg]
[techydevs.com/demos/trizen/html/flags/4x3/is.svg]
[techydevs.com/demos/trizen/html/flags/1x1/is.svg]
[techydevs.com/demos/trizen/html/flags/4x3/it.svg]
[techydevs.com/demos/trizen/html/flags/1x1/it.16e.delayed]
[techydevs.com/demos/trizen/html/flags/4x3/je.svg]
[techydevs.com/demos/trizen/html/flags/1x1/je.svg]
[techydevs.com/demos/trizen/html/flags/4x3/jm.svg]
[techydevs.com/demos/trizen/html/flags/1x1/jm.svg]
[techydevs.com/demos/trizen/html/flags/4x3/jo.svg]
[techydevs.com/demos/trizen/html/flags/1x1/jo.svg]
[techydevs.com/demos/trizen/html/flags/4x3/jp.svg]
[techydevs.com/demos/trizen/html/flags/1x1/jp.svg]
[techydevs.com/demos/trizen/html/flags/4x3/ke.svg]
[techydevs.com/demos/trizen/html/flags/1x1/ke.svg]
[techydevs.com/demos/trizen/html/flags/4x3/kg.svg]
[techydevs.com/demos/trizen/html/flags/1x1/kg.svg]
[techydevs.com/demos/trizen/html/flags/4x3/kh.svg]
[techydevs.com/demos/trizen/html/flags/1x1/kh.svg]
[techydevs.com/demos/trizen/html/flags/4x3/ki.svg]
[techydevs.com/demos/trizen/html/flags/1x1/ki.svg]
[techydevs.com/demos/trizen/html/flags/4x3/km.svg]
[techydevs.com/demos/trizen/html/flags/1x1/km.svg]
[techydevs.com/demos/trizen/html/flags/4x3/kn.svg]
[techydevs.com/demos/trizen/html/flags/1x1/kn.svg]
[techydevs.com/demos/trizen/html/flags/4x3/kp.svg]
[techydevs.com/demos/trizen/html/flags/1x1/kp.svg]
[techydevs.com/demos/trizen/html/flags/4x3/kr.svg]
[techydevs.com/demos/trizen/html/flags/1x1/kr.svg]
[techydevs.com/demos/trizen/html/flags/4x3/kw.svg]
[techydevs.com/demos/trizen/html/flags/1x1/kw.svg]
[techydevs.com/demos/trizen/html/flags/4x3/ky.svg]
[techydevs.com/demos/trizen/html/flags/1x1/ky.svg]
[techydevs.com/demos/trizen/html/flags/4x3/kz.svg]
[techydevs.com/demos/trizen/html/flags/1x1/kz.svg]
[techydevs.com/demos/trizen/html/flags/4x3/la.svg]
[techydevs.com/demos/trizen/html/flags/1x1/la.svg]
[techydevs.com/demos/trizen/html/flags/4x3/lb.svg]
[techydevs.com/demos/trizen/html/flags/1x1/lb.svg]
[techydevs.com/demos/trizen/html/flags/4x3/lc.svg]
[techydevs.com/demos/trizen/html/flags/1x1/lc.svg]
[techydevs.com/demos/trizen/html/flags/4x3/li.svg]
[techydevs.com/demos/trizen/html/flags/1x1/li.svg]
[techydevs.com/demos/trizen/html/flags/4x3/lk.svg]
[techydevs.com/demos/trizen/html/flags/1x1/lk.svg]
[techydevs.com/demos/trizen/html/flags/4x3/lr.svg]
[techydevs.com/demos/trizen/html/flags/1x1/lr.svg]
[techydevs.com/demos/trizen/html/flags/4x3/ls.svg]
[techydevs.com/demos/trizen/html/flags/1x1/ls.svg]
[techydevs.com/demos/trizen/html/flags/4x3/lt.svg]
[techydevs.com/demos/trizen/html/flags/1x1/lt.svg]
[techydevs.com/demos/trizen/html/flags/4x3/lu.svg]
[techydevs.com/demos/trizen/html/flags/1x1/lu.19e.delayed]
[techydevs.com/demos/trizen/html/flags/4x3/lv.svg]
[techydevs.com/demos/trizen/html/flags/1x1/lv.svg]
[techydevs.com/demos/trizen/html/flags/4x3/ly.svg]
[techydevs.com/demos/trizen/html/flags/1x1/ly.svg]
[techydevs.com/demos/trizen/html/flags/4x3/ma.svg]
[techydevs.com/demos/trizen/html/flags/1x1/ma.svg]
[techydevs.com/demos/trizen/html/flags/4x3/mc.svg]
[techydevs.com/demos/trizen/html/flags/1x1/mc.svg]
[techydevs.com/demos/trizen/html/flags/4x3/md.svg]
[techydevs.com/demos/trizen/html/flags/1x1/md.svg]
[techydevs.com/demos/trizen/html/flags/4x3/me.svg]
[techydevs.com/demos/trizen/html/flags/1x1/me.svg]
[techydevs.com/demos/trizen/html/flags/4x3/mf.svg]
[techydevs.com/demos/trizen/html/flags/1x1/mf.svg]
[techydevs.com/demos/trizen/html/flags/4x3/mg.svg]
[techydevs.com/demos/trizen/html/flags/1x1/mg.svg]
[techydevs.com/demos/trizen/html/flags/4x3/mh.svg]
[techydevs.com/demos/trizen/html/flags/1x1/mh.svg]
[techydevs.com/demos/trizen/html/flags/4x3/mk.svg]
[techydevs.com/demos/trizen/html/flags/1x1/mk.svg]
[techydevs.com/demos/trizen/html/flags/4x3/ml.svg]
[techydevs.com/demos/trizen/html/flags/4x3/mm.svg]
[techydevs.com/demos/trizen/html/flags/1x1/mm.svg]
[techydevs.com/demos/trizen/html/flags/4x3/mn.svg]
[techydevs.com/demos/trizen/html/flags/1x1/mn.svg]
[techydevs.com/demos/trizen/html/flags/4x3/mo.svg]
[techydevs.com/demos/trizen/html/flags/1x1/mo.svg]
[techydevs.com/demos/trizen/html/flags/4x3/mp.svg]
[techydevs.com/demos/trizen/html/flags/1x1/mp.svg]
[techydevs.com/demos/trizen/html/flags/4x3/mq.svg]
[techydevs.com/demos/trizen/html/flags/1x1/mq.1be.delayed]
[techydevs.com/demos/trizen/html/flags/4x3/mr.svg]
[techydevs.com/demos/trizen/html/flags/1x1/mr.svg]
[techydevs.com/demos/trizen/html/flags/4x3/ms.svg]
[techydevs.com/demos/trizen/html/flags/1x1/ms.svg]
[techydevs.com/demos/trizen/html/flags/4x3/mt.svg]
[techydevs.com/demos/trizen/html/flags/1x1/mt.svg]
[techydevs.com/demos/trizen/html/flags/4x3/mu.svg]
[techydevs.com/demos/trizen/html/flags/1x1/mu.svg]
[techydevs.com/demos/trizen/html/flags/4x3/mv.svg]
[techydevs.com/demos/trizen/html/flags/4x3/mw.svg]
[techydevs.com/demos/trizen/html/flags/1x1/mw.svg]
[techydevs.com/demos/trizen/html/flags/4x3/mx.svg]
[techydevs.com/demos/trizen/html/flags/1x1/mx.1cc.delayed]
[techydevs.com/demos/trizen/html/flags/4x3/my.svg]
[techydevs.com/demos/trizen/html/flags/1x1/my.svg]
[techydevs.com/demos/trizen/html/flags/4x3/mz.svg]
[techydevs.com/demos/trizen/html/flags/1x1/mz.svg]
[techydevs.com/demos/trizen/html/flags/4x3/na.svg]
[techydevs.com/demos/trizen/html/flags/1x1/na.svg]
[techydevs.com/demos/trizen/html/flags/4x3/nc.svg]
[techydevs.com/demos/trizen/html/flags/1x1/nc.svg]
[techydevs.com/demos/trizen/html/flags/4x3/ne.svg]
[techydevs.com/demos/trizen/html/flags/4x3/nf.svg]
[techydevs.com/demos/trizen/html/flags/1x1/nf.svg]
[techydevs.com/demos/trizen/html/flags/4x3/ng.svg]
[techydevs.com/demos/trizen/html/flags/1x1/ng.1da.delayed]
[techydevs.com/demos/trizen/html/flags/4x3/ni.svg]
[techydevs.com/demos/trizen/html/flags/1x1/ni.svg]
[techydevs.com/demos/trizen/html/flags/4x3/nl.svg]
[techydevs.com/demos/trizen/html/flags/4x3/no.svg]
[techydevs.com/demos/trizen/html/flags/1x1/no.svg]
[techydevs.com/demos/trizen/html/flags/4x3/np.svg]
[techydevs.com/demos/trizen/html/flags/1x1/np.svg]
[techydevs.com/demos/trizen/html/flags/4x3/nr.svg]
[techydevs.com/demos/trizen/html/flags/1x1/nr.svg]
[techydevs.com/demos/trizen/html/flags/4x3/nu.svg]
[techydevs.com/demos/trizen/html/flags/1x1/nu.svg]
[techydevs.com/demos/trizen/html/flags/4x3/nz.svg]
[techydevs.com/demos/trizen/html/flags/1x1/nz.svg]
[techydevs.com/demos/trizen/html/flags/4x3/om.svg]
[techydevs.com/demos/trizen/html/flags/1x1/om.svg]
[techydevs.com/demos/trizen/html/flags/4x3/pa.svg]
[techydevs.com/demos/trizen/html/flags/1x1/pa.svg]
[techydevs.com/demos/trizen/html/flags/4x3/pe.svg]
[techydevs.com/demos/trizen/html/flags/1x1/pe.1ee.delayed]
[techydevs.com/demos/trizen/html/flags/4x3/pf.svg]
[techydevs.com/demos/trizen/html/flags/1x1/pf.svg]
[techydevs.com/demos/trizen/html/flags/4x3/pg.svg]
[techydevs.com/demos/trizen/html/flags/1x1/pg.svg]
[techydevs.com/demos/trizen/html/flags/4x3/ph.svg]
[techydevs.com/demos/trizen/html/flags/1x1/ph.svg]
[techydevs.com/demos/trizen/html/flags/4x3/pk.svg]
[techydevs.com/demos/trizen/html/flags/1x1/pk.svg]
[techydevs.com/demos/trizen/html/flags/4x3/pl.svg]
[techydevs.com/demos/trizen/html/flags/1x1/pl.1f8.delayed]
[techydevs.com/demos/trizen/html/flags/4x3/pm.svg]
[techydevs.com/demos/trizen/html/flags/1x1/pm.svg]
[techydevs.com/demos/trizen/html/flags/4x3/pn.svg]
[techydevs.com/demos/trizen/html/flags/1x1/pn.svg]
[techydevs.com/demos/trizen/html/flags/4x3/pr.svg]
[techydevs.com/demos/trizen/html/flags/1x1/pr.svg]
[techydevs.com/demos/trizen/html/flags/4x3/ps.svg]
[techydevs.com/demos/trizen/html/flags/1x1/ps.svg]
[techydevs.com/demos/trizen/html/flags/4x3/pt.svg]
[techydevs.com/demos/trizen/html/flags/1x1/pt.svg]
[techydevs.com/demos/trizen/html/flags/4x3/pw.svg]
[techydevs.com/demos/trizen/html/flags/1x1/pw.svg]
[techydevs.com/demos/trizen/html/flags/4x3/py.svg]
[techydevs.com/demos/trizen/html/flags/1x1/py.svg]
[techydevs.com/demos/trizen/html/flags/4x3/qa.svg]
[techydevs.com/demos/trizen/html/flags/1x1/qa.svg]
[techydevs.com/demos/trizen/html/flags/4x3/re.svg]
[techydevs.com/demos/trizen/html/flags/1x1/re.20a.delayed]
[techydevs.com/demos/trizen/html/flags/4x3/ro.svg]
[techydevs.com/demos/trizen/html/flags/1x1/ro.svg]
[techydevs.com/demos/trizen/html/flags/4x3/rs.svg]
[techydevs.com/demos/trizen/html/flags/4x3/ru.svg]
[techydevs.com/demos/trizen/html/flags/1x1/ru.svg]
[techydevs.com/demos/trizen/html/flags/4x3/rw.svg]
[techydevs.com/demos/trizen/html/flags/1x1/rw.svg]
[techydevs.com/demos/trizen/html/flags/4x3/sa.svg]
[techydevs.com/demos/trizen/html/flags/1x1/sa.svg]
[techydevs.com/demos/trizen/html/flags/4x3/sb.svg]
[techydevs.com/demos/trizen/html/flags/1x1/sb.svg]
[techydevs.com/demos/trizen/html/flags/4x3/sc.svg]
[techydevs.com/demos/trizen/html/flags/1x1/sc.svg]
[techydevs.com/demos/trizen/html/flags/4x3/sd.svg]
[techydevs.com/demos/trizen/html/flags/1x1/sd.svg]
[techydevs.com/demos/trizen/html/flags/4x3/se.svg]
[techydevs.com/demos/trizen/html/flags/1x1/se.21c.delayed]
[techydevs.com/demos/trizen/html/flags/4x3/sg.svg]
[techydevs.com/demos/trizen/html/flags/1x1/sg.svg]
[techydevs.com/demos/trizen/html/flags/4x3/sh.svg]
[techydevs.com/demos/trizen/html/flags/1x1/sh.svg]
[techydevs.com/demos/trizen/html/flags/4x3/si.svg]
[techydevs.com/demos/trizen/html/flags/1x1/si.svg]
[techydevs.com/demos/trizen/html/flags/4x3/sj.svg]
[techydevs.com/demos/trizen/html/flags/1x1/sj.svg]
[techydevs.com/demos/trizen/html/flags/4x3/sk.svg]
[techydevs.com/demos/trizen/html/flags/1x1/sk.svg]
[techydevs.com/demos/trizen/html/flags/4x3/sl.svg]
[techydevs.com/demos/trizen/html/flags/1x1/sl.228.delayed]
[techydevs.com/demos/trizen/html/flags/4x3/sm.svg]
[techydevs.com/demos/trizen/html/flags/1x1/sm.svg]
[techydevs.com/demos/trizen/html/flags/4x3/sn.svg]
[techydevs.com/demos/trizen/html/flags/1x1/sn.svg]
[techydevs.com/demos/trizen/html/flags/4x3/so.svg]
[techydevs.com/demos/trizen/html/flags/1x1/so.svg]
[techydevs.com/demos/trizen/html/flags/4x3/sr.svg]
[techydevs.com/demos/trizen/html/flags/1x1/sr.svg]
[techydevs.com/demos/trizen/html/flags/4x3/ss.svg]
[techydevs.com/demos/trizen/html/flags/1x1/ss.svg]
[techydevs.com/demos/trizen/html/flags/4x3/st.svg]
[techydevs.com/demos/trizen/html/flags/1x1/st.svg]
[techydevs.com/demos/trizen/html/flags/4x3/sv.svg]
[techydevs.com/demos/trizen/html/flags/1x1/sv.236.delayed]
[techydevs.com/demos/trizen/html/flags/4x3/sx.svg]
[techydevs.com/demos/trizen/html/flags/1x1/sx.svg]
[techydevs.com/demos/trizen/html/flags/4x3/sy.svg]
[techydevs.com/demos/trizen/html/flags/1x1/sy.svg]
[techydevs.com/demos/trizen/html/flags/4x3/sz.svg]
[techydevs.com/demos/trizen/html/flags/1x1/sz.svg]
[techydevs.com/demos/trizen/html/flags/4x3/tc.svg]
[techydevs.com/demos/trizen/html/flags/1x1/tc.svg]
[techydevs.com/demos/trizen/html/flags/4x3/td.svg]
[techydevs.com/demos/trizen/html/flags/1x1/td.240.delayed]
[techydevs.com/demos/trizen/html/flags/4x3/tf.svg]
[techydevs.com/demos/trizen/html/flags/1x1/tf.svg]
[techydevs.com/demos/trizen/html/flags/4x3/tg.svg]
[techydevs.com/demos/trizen/html/flags/1x1/tg.svg]
[techydevs.com/demos/trizen/html/flags/4x3/th.svg]
[techydevs.com/demos/trizen/html/flags/4x3/tj.svg]
[techydevs.com/demos/trizen/html/flags/1x1/tj.svg]
[techydevs.com/demos/trizen/html/flags/4x3/tk.svg]
[techydevs.com/demos/trizen/html/flags/1x1/tk.svg]
[techydevs.com/demos/trizen/html/flags/4x3/tl.svg]
[techydevs.com/demos/trizen/html/flags/1x1/tl.svg]
[techydevs.com/demos/trizen/html/flags/4x3/tm.svg]
[techydevs.com/demos/trizen/html/flags/1x1/tm.svg]
[techydevs.com/demos/trizen/html/flags/4x3/tn.svg]
[techydevs.com/demos/trizen/html/flags/1x1/tn.svg]
[techydevs.com/demos/trizen/html/flags/4x3/to.svg]
[techydevs.com/demos/trizen/html/flags/1x1/to.svg]
[techydevs.com/demos/trizen/html/flags/4x3/tr.svg]
[techydevs.com/demos/trizen/html/flags/1x1/tr.svg]
[techydevs.com/demos/trizen/html/flags/4x3/tt.svg]
[techydevs.com/demos/trizen/html/flags/1x1/tt.svg]
[techydevs.com/demos/trizen/html/flags/4x3/tv.svg]
[techydevs.com/demos/trizen/html/flags/1x1/tv.svg]
[techydevs.com/demos/trizen/html/flags/4x3/tw.svg]
[techydevs.com/demos/trizen/html/flags/1x1/tw.svg]
[techydevs.com/demos/trizen/html/flags/4x3/tz.svg]
[techydevs.com/demos/trizen/html/flags/1x1/tz.svg]
[techydevs.com/demos/trizen/html/flags/4x3/ua.svg]
[techydevs.com/demos/trizen/html/flags/1x1/ua.25e.delayed]
[techydevs.com/demos/trizen/html/flags/4x3/ug.svg]
[techydevs.com/demos/trizen/html/flags/1x1/ug.svg]
[techydevs.com/demos/trizen/html/flags/4x3/um.svg]
[techydevs.com/demos/trizen/html/flags/1x1/um.svg]
[techydevs.com/demos/trizen/html/flags/4x3/us.svg]
[techydevs.com/demos/trizen/html/flags/1x1/us.svg]
[techydevs.com/demos/trizen/html/flags/4x3/uy.svg]
[techydevs.com/demos/trizen/html/flags/1x1/uy.svg]
[techydevs.com/demos/trizen/html/flags/4x3/uz.svg]
[techydevs.com/demos/trizen/html/flags/1x1/uz.svg]
[techydevs.com/demos/trizen/html/flags/4x3/va.svg]
[techydevs.com/demos/trizen/html/flags/1x1/va.svg]
[techydevs.com/demos/trizen/html/flags/4x3/vc.svg]
[techydevs.com/demos/trizen/html/flags/1x1/vc.svg]
[techydevs.com/demos/trizen/html/flags/4x3/ve.svg]
[techydevs.com/demos/trizen/html/flags/1x1/ve.svg]
[techydevs.com/demos/trizen/html/flags/4x3/vg.svg]
[techydevs.com/demos/trizen/html/flags/1x1/vg.svg]
[techydevs.com/demos/trizen/html/flags/4x3/vi.svg]
[techydevs.com/demos/trizen/html/flags/1x1/vi.svg]
[techydevs.com/demos/trizen/html/flags/4x3/vn.svg]
[techydevs.com/demos/trizen/html/flags/1x1/vn.svg]
[techydevs.com/demos/trizen/html/flags/4x3/vu.svg]
[techydevs.com/demos/trizen/html/flags/1x1/vu.svg]
[techydevs.com/demos/trizen/html/flags/4x3/wf.svg]
[techydevs.com/demos/trizen/html/flags/1x1/wf.278.delayed]
[techydevs.com/demos/trizen/html/flags/4x3/ws.svg]
[techydevs.com/demos/trizen/html/flags/1x1/ws.svg]
[techydevs.com/demos/trizen/html/flags/4x3/ye.svg]
[techydevs.com/demos/trizen/html/flags/4x3/yt.svg]
[techydevs.com/demos/trizen/html/flags/1x1/yt.27e.delayed]
[techydevs.com/demos/trizen/html/flags/4x3/za.svg]
[techydevs.com/demos/trizen/html/flags/1x1/za.svg]
[techydevs.com/demos/trizen/html/flags/4x3/zm.svg]
[techydevs.com/demos/trizen/html/flags/1x1/zm.svg]
[techydevs.com/demos/trizen/html/flags/4x3/zw.svg]
[techydevs.com/demos/trizen/html/flags/1x1/zw.svg]
[techydevs.com/demos/trizen/html/flags/4x3/es-ca.svg]
[techydevs.com/demos/trizen/html/flags/4x3/eu.svg]
[techydevs.com/demos/trizen/html/flags/1x1/eu.svg]
[techydevs.com/demos/trizen/html/flags/4x3/gb-eng.svg]
[techydevs.com/demos/trizen/html/flags/1x1/gb-eng.28a.delayed]
[techydevs.com/demos/trizen/html/flags/4x3/gb-nir.svg]
[techydevs.com/demos/trizen/html/flags/1x1/gb-nir.svg]
[techydevs.com/demos/trizen/html/flags/4x3/gb-sct.svg]
[techydevs.com/demos/trizen/html/flags/4x3/gb-wls.svg]
[techydevs.com/demos/trizen/html/flags/1x1/gb-wls.svg]
[techydevs.com/demos/trizen/html/flags/4x3/un.svg]
[techydevs.com/demos/trizen/html/flags/1x1/un.svg]
[techydevs.com/demos/trizen/html/flags/4x3/xk.svg]
[techydevs.com/demos/trizen/html/flags/1x1/xk.svg]
[techydevs.com/demos/trizen/html/css/flag-icon.min.css]
[techydevs.com/demos/trizen/html/images/dots.png]
[techydevs.com/demos/trizen/html/images/img9.jpg]
[techydevs.com/demos/trizen/html/images/bread-bg.jpg]
[techydevs.com/demos/trizen/html/images/bread-bg2.jpg]
[techydevs.com/demos/trizen/html/images/bread-bg3.jpg]
[techydevs.com/demos/trizen/html/images/bread-bg4.jpg]
[techydevs.com/demos/trizen/html/images/team-cta-bg.jpg]
[techydevs.com/demos/trizen/html/images/bread-bg5.jpg]
[techydevs.com/demos/trizen/html/images/bread-bg6.jpg]
[techydevs.com/demos/trizen/html/images/bread-bg7.jpg]
[techydevs.com/demos/trizen/html/images/bread-bg8.jpg]
[techydevs.com/demos/trizen/html/images/bread-bg9.jpg]
[techydevs.com/demos/trizen/html/images/hero-bg.jpg]
[techydevs.com/demos/trizen/html/images/hero-bg2.jpg]
[techydevs.com/demos/trizen/html/images/hero-bg3.jpg]
[techydevs.com/demos/trizen/html/images/hero-bg4.jpg]
[techydevs.com/demos/trizen/html/images/hero-bg5.jpg]
[techydevs.com/demos/trizen/html/images/hero-bg6.jpg]
[techydevs.com/demos/trizen/html/images/hero-bg7.jpg]
[techydevs.com/demos/trizen/html/images/dot-shape.png]
[techydevs.com/demos/trizen/html/images/color-bg.png]
[techydevs.com/demos/trizen/html/images/color-bg2.png]
[techydevs.com/demos/trizen/html/images/color-bg3.png]
[techydevs.com/demos/trizen/html/css/style.css]
[techydevs.com/demos/trizen/html/css/animate.min.css]
[techydevs.com/demos/trizen/html/images/img20.jpg]
[techydevs.com/demos/trizen/html/images/payment-img.png]
[techydevs.com/demos/trizen/html/become-local-expert.html]
[techydevs.com/demos/trizen/html/activity-search-result.html]
[techydevs.com/demos/trizen/html/images/airline-img.png]
[techydevs.com/demos/trizen/html/images/airline-img2.png]
[techydevs.com/demos/trizen/html/images/airline-img3.png]
[techydevs.com/demos/trizen/html/images/airline-img4.png]
[techydevs.com/demos/trizen/html/images/airline-img5.png]
[techydevs.com/demos/trizen/html/images/airline-img6.png]
[techydevs.com/demos/trizen/html/images/img1.jpg]
[techydevs.com/demos/trizen/html/images/img5.jpg]
[techydevs.com/demos/trizen/html/images/img6.jpg]
[techydevs.com/demos/trizen/html/images/destination-img.jpg]
[techydevs.com/demos/trizen/html/images/team8.jpg]
[techydevs.com/demos/trizen/html/images/team9.jpg]
[techydevs.com/demos/trizen/html/images/team10.jpg]
[techydevs.com/demos/trizen/html/video/video-bg.mp4]
[techydevs.com/demos/trizen/html/images/blog-img.jpg]
[techydevs.com/demos/trizen/html/images/small-team1.jpg]
[techydevs.com/demos/trizen/html/images/blog-img2.jpg]
[techydevs.com/demos/trizen/html/images/small-team2.jpg]
[techydevs.com/demos/trizen/html/images/blog-img3.jpg]
[techydevs.com/demos/trizen/html/images/small-team3.jpg]
[techydevs.com/demos/trizen/html/images/app-store.png]
[techydevs.com/demos/trizen/html/images/google-play.png]
[techydevs.com/demos/trizen/html/images/mobile-app.png]
[techydevs.com/demos/trizen/html/images/client-logo.png]
[techydevs.com/demos/trizen/html/images/client-logo2.png]
[techydevs.com/demos/trizen/html/images/client-logo3.png]
[techydevs.com/demos/trizen/html/images/client-logo4.png]
[techydevs.com/demos/trizen/html/images/client-logo5.png]
[techydevs.com/demos/trizen/html/images/client-logo6.png]
[techydevs.com/demos/trizen/html/js/quantity-input.js]
[techydevs.com/demos/trizen/html/index.html]
[techydevs.com/demos/trizen/html/images/hero--bg2.jpg]
[techydevs.com/demos/trizen/html/images/hero--bg3.jpg]
[techydevs.com/demos/trizen/html/images/tripadvisor.png]
[techydevs.com/demos/trizen/html/images/img27.jpg]
[techydevs.com/demos/trizen/html/images/discount-hotel-img.jpg]
[techydevs.com/demos/trizen/html/images/logo2.png]
[techydevs.com/demos/trizen/html/images/img7.jpg]
[techydevs.com/demos/trizen/html/js/jquery.superslides.min.js]
[techydevs.com/demos/trizen/html/index2.html]
[techydevs.com/demos/trizen/html/js/superslider-script.js]
[techydevs.com/demos/trizen/html/images/img10.jpg]
[techydevs.com/demos/trizen/html/images/img11.jpg]
[techydevs.com/demos/trizen/html/images/img12.jpg]
[techydevs.com/demos/trizen/html/images/img13.jpg]
[techydevs.com/demos/trizen/html/images/img14.jpg]
[techydevs.com/demos/trizen/html/index3.html]
[techydevs.com/demos/trizen/html/images/cruise-img.jpg]
[techydevs.com/demos/trizen/html/images/cruise-img2.jpg]
[techydevs.com/demos/trizen/html/images/cruise-img3.jpg]
[techydevs.com/demos/trizen/html/images/cruise-img4.jpg]
[techydevs.com/demos/trizen/html/images/cruise-img5.jpg]
[techydevs.com/demos/trizen/html/images/cruise-img6.jpg]
[techydevs.com/demos/trizen/html/images/royal-caribbean.png]
[techydevs.com/demos/trizen/html/images/cruise-img7.jpg]
[techydevs.com/demos/trizen/html/images/msc.png]
[techydevs.com/demos/trizen/html/images/cruise-img8.jpg]
[techydevs.com/demos/trizen/html/images/stenaline.jpg]
[techydevs.com/demos/trizen/html/images/cruise-img9.jpg]
[techydevs.com/demos/trizen/html/images/carnival.png]
[techydevs.com/demos/trizen/html/index5.html]
[techydevs.com/demos/trizen/html/images/img15.jpg]
[techydevs.com/demos/trizen/html/images/american-airline.png]
[techydevs.com/demos/trizen/html/images/img16.jpg]
[techydevs.com/demos/trizen/html/images/united-airline.png]
[techydevs.com/demos/trizen/html/images/img17.jpg]
[techydevs.com/demos/trizen/html/images/air-france.png]
[techydevs.com/demos/trizen/html/images/img18.jpg]
[techydevs.com/demos/trizen/html/images/img19.jpg]
[techydevs.com/demos/trizen/html/images/cathay-pacific-airline.png]
[techydevs.com/demos/trizen/html/images/scooter.jpg]
[techydevs.com/demos/trizen/html/index6.html]
[techydevs.com/demos/trizen/html/images/browser.png]
[techydevs.com/demos/trizen/html/images/layout.png]
[techydevs.com/demos/trizen/html/images/support.png]
[techydevs.com/demos/trizen/html/images/cta-bg-2.jpg]
[techydevs.com/demos/trizen/html/images/img8.jpg]
[techydevs.com/demos/trizen/html/index7.html]
[techydevs.com/demos/trizen/html/css/jquery.autocomplete.css]
[techydevs.com/demos/trizen/html/js/jquery.autocomplete.js]
[techydevs.com/demos/trizen/html/js/autocomplete-script.js]
[techydevs.com/demos/trizen/html/index8.html]
[techydevs.com/demos/trizen/html/tour-fullwidth.html]
[techydevs.com/demos/trizen/html/tour-grid.html]
[techydevs.com/demos/trizen/html/tour-list.html]
[techydevs.com/demos/trizen/html/tour-left-sidebar.html]
[techydevs.com/demos/trizen/html/tour-right-sidebar.html]
[techydevs.com/demos/trizen/html/images/small-img.jpg]
[techydevs.com/demos/trizen/html/images/small-img2.jpg]
[techydevs.com/demos/trizen/html/images/small-img3.jpg]
[techydevs.com/demos/trizen/html/js/copy-text-script.js]
[techydevs.com/demos/trizen/html/js/navbar-sticky.js]
[techydevs.com/demos/trizen/html/tour-details.html]
[techydevs.com/demos/trizen/html/images/paypal.png]
[techydevs.com/demos/trizen/html/images/payoneer.png]
[techydevs.com/demos/trizen/html/tour-booking.html]
[techydevs.com/demos/trizen/html/tour-search-result.html]
[techydevs.com/demos/trizen/html/cruises.html]
[techydevs.com/demos/trizen/html/cruises-list.html]
[techydevs.com/demos/trizen/html/cruise-sidebar.html]
[techydevs.com/demos/trizen/html/images/small-img4.jpg]
[techydevs.com/demos/trizen/html/images/small-img5.jpg]
[techydevs.com/demos/trizen/html/images/small-img6.jpg]
[techydevs.com/demos/trizen/html/images/small-img7.jpg]
[techydevs.com/demos/trizen/html/images/small-img8.jpg]
[techydevs.com/demos/trizen/html/images/inside-cabin.jpg]
[techydevs.com/demos/trizen/html/images/balcony-cabin.jpg]
[techydevs.com/demos/trizen/html/images/suite-cabin.jpg]
[techydevs.com/demos/trizen/html/cruise-details.html]
[techydevs.com/demos/trizen/html/cruise-search-result.html]
[techydevs.com/demos/trizen/html/css/leaflet.css]
[techydevs.com/demos/trizen/html/js/jquery.multi-file.min.js]
[techydevs.com/demos/trizen/html/cruise-booking.html]
[techydevs.com/demos/trizen/html/js/map-add.js]
[techydevs.com/demos/trizen/html/add-hotel.html]
[techydevs.com/demos/trizen/html/add-flight.html]
[techydevs.com/demos/trizen/html/add-cruise.html]
[techydevs.com/demos/trizen/html/add-car.html]
[techydevs.com/demos/trizen/html/add-tour.html]
[techydevs.com/demos/trizen/html/user-dashboard-profile.html]
[techydevs.com/demos/trizen/html/user-dashboard-booking.html]
[techydevs.com/demos/trizen/html/user-dashboard-reviews.html]
[techydevs.com/demos/trizen/html/user-dashboard-settings.html]
[techydevs.com/demos/trizen/html/user-dashboard-wishlist.html]
[techydevs.com/demos/trizen/html/js/chart.extension.js]
[techydevs.com/demos/trizen/html/js/chart.js]
[techydevs.com/demos/trizen/html/js/bar-chart.js]
[techydevs.com/demos/trizen/html/user-dashboard.html]
[techydevs.com/demos/trizen/html/images/team11.jpg]
[techydevs.com/demos/trizen/html/admin-dashboard-booking.html]
[techydevs.com/demos/trizen/html/admin-dashboard-orders.html]
[techydevs.com/demos/trizen/html/admin-dashboard-orders-details.html]
[techydevs.com/demos/trizen/html/admin-dashboard-travellers.html]
[techydevs.com/demos/trizen/html/admin-dashboard-traveler-detail.html]
[techydevs.com/demos/trizen/html/admin-dashboard-visa.html]
[techydevs.com/demos/trizen/html/admin-dashboard-reviews.html]
[techydevs.com/demos/trizen/html/admin-dashboard-wishlist.html]
[techydevs.com/demos/trizen/html/admin-dashboard-travel-agents.html]
[techydevs.com/demos/trizen/html/admin-invoice.html]
[techydevs.com/demos/trizen/html/admin-payments.html]
[techydevs.com/demos/trizen/html/admin-countries.html]
[techydevs.com/demos/trizen/html/admin-airlines.html]
[techydevs.com/demos/trizen/html/admin-dashboard-settings.html]
[techydevs.com/demos/trizen/html/js/jquery.sparkline.js]
[techydevs.com/demos/trizen/html/js/dashboard.js]
[techydevs.com/demos/trizen/html/js/line-chart.js]
[techydevs.com/demos/trizen/html/admin-dashboard.html]
[techydevs.com/demos/trizen/html/images/img21.jpg]
[techydevs.com/demos/trizen/html/images/img22.jpg]
[techydevs.com/demos/trizen/html/images/img23.jpg]
[techydevs.com/demos/trizen/html/images/img24.jpg]
[techydevs.com/demos/trizen/html/images/img25.jpg]
[techydevs.com/demos/trizen/html/images/cta-bg-3.jpg]
[techydevs.com/demos/trizen/html/images/update.png]
[techydevs.com/demos/trizen/html/images/valid.png]
[techydevs.com/demos/trizen/html/images/document.png]
[techydevs.com/demos/trizen/html/images/img26.jpg]
[techydevs.com/demos/trizen/html/career.html]
[techydevs.com/demos/trizen/html/css/leaflet-routing-machine.css]
[techydevs.com/demos/trizen/html/js/Control.Geocoder.js]
[techydevs.com/demos/trizen/html/js/leaflet-routing-machine.js]
[techydevs.com/demos/trizen/html/js/leaflet-routing-script.js]
[techydevs.com/demos/trizen/html/route-map.html]
[techydevs.com/demos/trizen/html/js/leaflet.js]
[techydevs.com/demos/trizen/html/images/bus.svg]
[techydevs.com/demos/trizen/html/images/company-logo.png]
[techydevs.com/demos/trizen/html/images/company-logo2.png]
[techydevs.com/demos/trizen/html/images/bus-connection-popular-destinations-city1.jpg]
[techydevs.com/demos/trizen/html/images/bus-connection-popular-destinations-city2.jpg]
[techydevs.com/demos/trizen/html/js/gumshoe.polyfills.min.js]
[techydevs.com/demos/trizen/html/js/bus-stop-map.js]
[techydevs.com/demos/trizen/html/route.html]
[techydevs.com/demos/trizen/html/images/regional-destinations.jpg]
[techydevs.com/demos/trizen/html/js/route-destination-map.js]
[techydevs.com/demos/trizen/html/route-destination.html]
[techydevs.com/demos/trizen/html/career-details.html]
[techydevs.com/demos/trizen/html/images/team7.jpg]
[techydevs.com/demos/trizen/html/images/airline-img7.png]
[techydevs.com/demos/trizen/html/images/airline-img8.png]
[techydevs.com/demos/trizen/html/images/airline-img9.png]
[techydevs.com/demos/trizen/html/images/airline-img10.png]
[techydevs.com/demos/trizen/html/user-profile.html]
[techydevs.com/demos/trizen/html/js/map.js]
[techydevs.com/demos/trizen/html/contact.html]
[techydevs.com/demos/trizen/html/images/small-img12.jpg]
[techydevs.com/demos/trizen/html/cart.html]
[techydevs.com/demos/trizen/html/checkout.html]
[techydevs.com/demos/trizen/html/recover.html]
[techydevs.com/demos/trizen/html/payment-received.html]
[techydevs.com/demos/trizen/html/payment-complete.html]
[techydevs.com/demos/trizen/html/destinations.html]
[techydevs.com/demos/trizen/html/images/team1.jpg]
[techydevs.com/demos/trizen/html/images/team2.jpg]
[techydevs.com/demos/trizen/html/images/team3.jpg]
[techydevs.com/demos/trizen/html/images/team5.jpg]
[techydevs.com/demos/trizen/html/images/team6.jpg]
[techydevs.com/demos/trizen/html/about.html]
[techydevs.com/demos/trizen/html/services.html]
[techydevs.com/demos/trizen/html/images/img29.jpg]
[techydevs.com/demos/trizen/html/images/img30.jpg]
[techydevs.com/demos/trizen/html/images/img31.jpg]
[techydevs.com/demos/trizen/html/images/img32.jpg]
[techydevs.com/demos/trizen/html/images/img33.jpg]
[techydevs.com/demos/trizen/html/images/img34.jpg]
[techydevs.com/demos/trizen/html/js/masonry-4.2.2.min.js]
[techydevs.com/demos/trizen/html/gallery.html]
[techydevs.com/demos/trizen/html/pricing.html]
[techydevs.com/demos/trizen/html/faq.html]
[techydevs.com/demos/trizen/html/add-new-post.html]
[techydevs.com/demos/trizen/html/images/small-team4.jpg]
[techydevs.com/demos/trizen/html/images/small-team5.jpg]
[techydevs.com/demos/trizen/html/images/small-team6.jpg]
[techydevs.com/demos/trizen/html/blog-full-width.html]
[techydevs.com/demos/trizen/html/blog-grid.html]
[techydevs.com/demos/trizen/html/js/ckeditor.js]
[techydevs.com/demos/trizen/html/images/small-img9.jpg]
[techydevs.com/demos/trizen/html/blog-sidebar.html]
[techydevs.com/demos/trizen/html/images/destination-img6.jpg]
[techydevs.com/demos/trizen/html/blog-single.html]
[techydevs.com/demos/trizen/html/js/countdown.js]
[techydevs.com/demos/trizen/html/coming-soon.html]
[techydevs.com/demos/trizen/html/page-404.html]
[techydevs.com/demos/trizen/html/images/airline-img11.png]
[techydevs.com/demos/trizen/html/flight-grid.html]
[techydevs.com/demos/trizen/html/flight-list.html]
[techydevs.com/demos/trizen/html/flight-sidebar.html]
[techydevs.com/demos/trizen/html/images/seat1.png]
[techydevs.com/demos/trizen/html/images/seat2.png]
[techydevs.com/demos/trizen/html/images/seat4.png]
[techydevs.com/demos/trizen/html/flight-single.html]
[techydevs.com/demos/trizen/html/flight-booking.html]
[techydevs.com/demos/trizen/html/flight-search-result.html]
[techydevs.com/demos/trizen/html/hotel-grid.html]
[techydevs.com/demos/trizen/html/hotel-list.html]
[techydevs.com/demos/trizen/html/hotel-sidebar.html]
[techydevs.com/demos/trizen/html/hotel-single.html]
[techydevs.com/demos/trizen/html/hotel-booking.html]
[techydevs.com/demos/trizen/html/hotel-search-result.html]
[techydevs.com/demos/trizen/html/room-list.html]
[techydevs.com/demos/trizen/html/room-grid.html]
[techydevs.com/demos/trizen/html/room-search-result.html]
[techydevs.com/demos/trizen/html/room-search-result-list.html]
[techydevs.com/demos/trizen/html/js/total-price.js]
[techydevs.com/demos/trizen/html/room-details.html]
[techydevs.com/demos/trizen/html/car-grid.html]
[techydevs.com/demos/trizen/html/car-list.html]
[techydevs.com/demos/trizen/html/car-sidebar.html]
[techydevs.com/demos/trizen/html/images/car-img.jpg]
[techydevs.com/demos/trizen/html/images/car-img2.jpg]
[techydevs.com/demos/trizen/html/images/car-img3.jpg]
[techydevs.com/demos/trizen/html/images/car-img4.jpg]
[techydevs.com/demos/trizen/html/car-single.html]
[techydevs.com/demos/trizen/html/car-booking.html]
[techydevs.com/demos/trizen/html/car-search-result.html]
[techydevs.com/demos/trizen/html/js/jquery-3.4.1.min.js]
[techydevs.com/demos/trizen/html/images/destination-img5.jpg]
[techydevs.com/demos/trizen/html/js/jquery-ui.js]
[techydevs.com/demos/trizen/html/js/popper.min.js]
[techydevs.com/demos/trizen/html/popper.js]
[techydevs.com/demos/trizen/html/js/bootstrap.min.js]
[techydevs.com/demos/trizen/html/js/bootstrap-select.min.js]
[techydevs.com/demos/trizen/html/js/moment.min.js]
[techydevs.com/demos/trizen/html/js/daterangepicker.js]
[techydevs.com/demos/trizen/html/js/owl.carousel.min.js]
[techydevs.com/demos/trizen/html/js/jquery.fancybox.min.js]
[techydevs.com/demos/trizen/html/js/jquery.countTo.min.js]
[techydevs.com/demos/trizen/html/js/animated-headline.js]
[techydevs.com/demos/trizen/html/js/jquery.ripples-min.js]
[techydevs.com/demos/trizen/html/js/main.js]
[techydevs.com/demos/trizen/html/fonts/la-brands-400.woff]
[techydevs.com/demos/trizen/html/fonts/la-brands-400.woff2]
[techydevs.com/demos/trizen/html/fonts/la-brands-400.svg]
[techydevs.com/demos/trizen/html/fonts/la-regular-400.svg]
[techydevs.com/demos/trizen/html/fonts/la-solid-900.svg]
[techydevs.com/demos/trizen/html/css/owl.video.play.html]
[techydevs.com/demos/trizen/html/css/images/ui-icons_444444_256x240.html]
[techydevs.com/demos/trizen/html/css/images/ui-icons_555555_256x240.html]
[techydevs.com/demos/trizen/html/css/images/ui-icons_ffffff_256x240.html]
[techydevs.com/demos/trizen/html/css/images/ui-icons_777620_256x240.html]
[techydevs.com/demos/trizen/html/css/images/ui-icons_cc0000_256x240.html]
[techydevs.com/demos/trizen/html/css/images/ui-icons_777777_256x240.html]
[techydevs.com/demos/trizen/html/flags/4x3/ad.svg]
[techydevs.com/demos/trizen/html/flags/1x1/ad.html]
[techydevs.com/demos/trizen/html/flags/4x3/ae.svg]
[techydevs.com/demos/trizen/html/flags/1x1/ae.html]
[techydevs.com/demos/trizen/html/flags/4x3/af.svg]
[techydevs.com/demos/trizen/html/flags/1x1/af.html]
[techydevs.com/demos/trizen/html/flags/4x3/ag.svg]
[techydevs.com/demos/trizen/html/flags/1x1/ag.html]
[techydevs.com/demos/trizen/html/flags/4x3/ai.svg]
[techydevs.com/demos/trizen/html/flags/1x1/ai.html]
[techydevs.com/demos/trizen/html/flags/4x3/al.svg]
[techydevs.com/demos/trizen/html/flags/1x1/al.html]
[techydevs.com/demos/trizen/html/flags/4x3/am.svg]
[techydevs.com/demos/trizen/html/flags/4x3/ao.svg]
[techydevs.com/demos/trizen/html/flags/1x1/ao.html]
[techydevs.com/demos/trizen/html/flags/4x3/aq.svg]
[techydevs.com/demos/trizen/html/flags/1x1/aq.html]
[techydevs.com/demos/trizen/html/flags/4x3/ar.svg]
[techydevs.com/demos/trizen/html/flags/1x1/ar.html]
[techydevs.com/demos/trizen/html/flags/4x3/as.svg]
[techydevs.com/demos/trizen/html/flags/1x1/as.html]
[techydevs.com/demos/trizen/html/flags/4x3/at.svg]
[techydevs.com/demos/trizen/html/flags/1x1/at.html]
[techydevs.com/demos/trizen/html/flags/4x3/au.svg]
[techydevs.com/demos/trizen/html/flags/1x1/au.html]
[techydevs.com/demos/trizen/html/flags/4x3/aw.svg]
[techydevs.com/demos/trizen/html/flags/1x1/aw.html]
[techydevs.com/demos/trizen/html/flags/4x3/ax.svg]
[techydevs.com/demos/trizen/html/flags/1x1/ax.html]
[techydevs.com/demos/trizen/html/flags/4x3/az.svg]
[techydevs.com/demos/trizen/html/flags/1x1/az.html]
[techydevs.com/demos/trizen/html/flags/4x3/ba.svg]
[techydevs.com/demos/trizen/html/flags/1x1/ba.html]
[techydevs.com/demos/trizen/html/flags/4x3/bb.svg]
[techydevs.com/demos/trizen/html/flags/1x1/bb.html]
[techydevs.com/demos/trizen/html/flags/4x3/bd.svg]
[techydevs.com/demos/trizen/html/flags/1x1/bd.html]
[techydevs.com/demos/trizen/html/flags/4x3/be.svg]
[techydevs.com/demos/trizen/html/flags/1x1/be.html]
[techydevs.com/demos/trizen/html/flags/4x3/bf.svg]
[techydevs.com/demos/trizen/html/flags/1x1/bf.html]
[techydevs.com/demos/trizen/html/flags/4x3/bg.svg]
[techydevs.com/demos/trizen/html/flags/4x3/bh.svg]
[techydevs.com/demos/trizen/html/flags/1x1/bh.html]
[techydevs.com/demos/trizen/html/flags/4x3/bi.svg]
[techydevs.com/demos/trizen/html/flags/1x1/bi.html]
[techydevs.com/demos/trizen/html/flags/4x3/bj.svg]
[techydevs.com/demos/trizen/html/flags/1x1/bj.html]
[techydevs.com/demos/trizen/html/flags/4x3/bl.svg]
[techydevs.com/demos/trizen/html/flags/1x1/bl.html]
[techydevs.com/demos/trizen/html/flags/4x3/bm.svg]
[techydevs.com/demos/trizen/html/flags/1x1/bm.html]
[techydevs.com/demos/trizen/html/flags/4x3/bn.svg]
[techydevs.com/demos/trizen/html/flags/1x1/bn.html]
[techydevs.com/demos/trizen/html/flags/4x3/bo.svg]
[techydevs.com/demos/trizen/html/flags/4x3/bq.svg]
[techydevs.com/demos/trizen/html/flags/1x1/bq.html]
[techydevs.com/demos/trizen/html/flags/4x3/br.svg]
[techydevs.com/demos/trizen/html/flags/1x1/br.html]
[techydevs.com/demos/trizen/html/flags/4x3/bs.svg]
[techydevs.com/demos/trizen/html/flags/1x1/bs.html]
[techydevs.com/demos/trizen/html/flags/4x3/bt.svg]
[techydevs.com/demos/trizen/html/flags/1x1/bt.html]
[techydevs.com/demos/trizen/html/flags/4x3/bv.svg]
[techydevs.com/demos/trizen/html/flags/1x1/bv.html]
[techydevs.com/demos/trizen/html/flags/4x3/bw.svg]
[techydevs.com/demos/trizen/html/flags/4x3/by.svg]
[techydevs.com/demos/trizen/html/flags/1x1/by.html]
[techydevs.com/demos/trizen/html/flags/4x3/bz.svg]
[techydevs.com/demos/trizen/html/flags/1x1/bz.html]
[techydevs.com/demos/trizen/html/flags/4x3/ca.svg]
[techydevs.com/demos/trizen/html/flags/1x1/ca.html]
[techydevs.com/demos/trizen/html/flags/4x3/cc.svg]
[techydevs.com/demos/trizen/html/flags/1x1/cc.html]
[techydevs.com/demos/trizen/html/flags/4x3/cd.svg]
[techydevs.com/demos/trizen/html/flags/1x1/cd.html]
[techydevs.com/demos/trizen/html/flags/4x3/cf.svg]
[techydevs.com/demos/trizen/html/flags/1x1/cf.html]
[techydevs.com/demos/trizen/html/flags/4x3/cg.svg]
[techydevs.com/demos/trizen/html/flags/1x1/cg.html]
[techydevs.com/demos/trizen/html/flags/4x3/ch.svg]
[techydevs.com/demos/trizen/html/flags/1x1/ch.html]
[techydevs.com/demos/trizen/html/flags/4x3/ci.svg]
[techydevs.com/demos/trizen/html/flags/1x1/ci.html]
[techydevs.com/demos/trizen/html/flags/4x3/ck.svg]
[techydevs.com/demos/trizen/html/flags/1x1/ck.html]
[techydevs.com/demos/trizen/html/flags/4x3/cl.svg]
[techydevs.com/demos/trizen/html/flags/1x1/cl.html]
[techydevs.com/demos/trizen/html/flags/4x3/cm.svg]
[techydevs.com/demos/trizen/html/flags/1x1/cm.html]
[techydevs.com/demos/trizen/html/flags/4x3/cn.svg]
[techydevs.com/demos/trizen/html/flags/1x1/cn.html]
[techydevs.com/demos/trizen/html/flags/4x3/co.svg]
[techydevs.com/demos/trizen/html/flags/1x1/co.html]
[techydevs.com/demos/trizen/html/flags/4x3/cr.svg]
[techydevs.com/demos/trizen/html/flags/1x1/cr.html]
[techydevs.com/demos/trizen/html/flags/4x3/cu.svg]
[techydevs.com/demos/trizen/html/flags/1x1/cu.html]
[techydevs.com/demos/trizen/html/flags/4x3/cv.svg]
[techydevs.com/demos/trizen/html/flags/1x1/cv.html]
[techydevs.com/demos/trizen/html/flags/4x3/cw.svg]
[techydevs.com/demos/trizen/html/flags/1x1/cw.html]
[techydevs.com/demos/trizen/html/flags/4x3/cx.svg]
[techydevs.com/demos/trizen/html/flags/1x1/cx.html]
[techydevs.com/demos/trizen/html/flags/4x3/cy.svg]
[techydevs.com/demos/trizen/html/flags/1x1/cy.html]
[techydevs.com/demos/trizen/html/flags/4x3/cz.svg]
[techydevs.com/demos/trizen/html/flags/1x1/cz.html]
[techydevs.com/demos/trizen/html/flags/4x3/de.svg]
[techydevs.com/demos/trizen/html/flags/1x1/de.html]
[techydevs.com/demos/trizen/html/flags/4x3/dj.svg]
[techydevs.com/demos/trizen/html/flags/1x1/dj.html]
[techydevs.com/demos/trizen/html/flags/4x3/dk.svg]
[techydevs.com/demos/trizen/html/flags/4x3/dm.svg]
[techydevs.com/demos/trizen/html/flags/1x1/dm.html]
[techydevs.com/demos/trizen/html/flags/1x1/bw.svg]
[techydevs.com/demos/trizen/html/flags/1x1/dk.svg]
[techydevs.com/demos/trizen/html/flags/4x3/do.svg]
[techydevs.com/demos/trizen/html/flags/1x1/do.html]
[techydevs.com/demos/trizen/html/flags/4x3/dz.svg]
[techydevs.com/demos/trizen/html/flags/1x1/dz.html]
[techydevs.com/demos/trizen/html/flags/4x3/ec.svg]
[techydevs.com/demos/trizen/html/flags/1x1/ec.html]
[techydevs.com/demos/trizen/html/flags/4x3/ee.svg]
[techydevs.com/demos/trizen/html/flags/1x1/ee.html]
[techydevs.com/demos/trizen/html/flags/1x1/eg.html]
[techydevs.com/demos/trizen/html/flags/4x3/eh.svg]
[techydevs.com/demos/trizen/html/flags/1x1/eh.html]
[techydevs.com/demos/trizen/html/flags/1x1/er.html]
[techydevs.com/demos/trizen/html/flags/4x3/es.svg]
[techydevs.com/demos/trizen/html/flags/1x1/es.html]
[techydevs.com/demos/trizen/html/flags/4x3/et.svg]
[techydevs.com/demos/trizen/html/flags/1x1/et.html]
[techydevs.com/demos/trizen/html/flags/4x3/fi.svg]
[techydevs.com/demos/trizen/html/flags/4x3/fj.svg]
[techydevs.com/demos/trizen/html/flags/1x1/fj.html]
[techydevs.com/demos/trizen/html/flags/4x3/fk.svg]
[techydevs.com/demos/trizen/html/flags/1x1/fk.html]
[techydevs.com/demos/trizen/html/flags/4x3/fm.svg]
[techydevs.com/demos/trizen/html/flags/1x1/fm.html]
[techydevs.com/demos/trizen/html/flags/4x3/fo.svg]
[techydevs.com/demos/trizen/html/flags/1x1/fo.html]
[techydevs.com/demos/trizen/html/flags/4x3/fr.svg]
[techydevs.com/demos/trizen/html/flags/1x1/fr.html]
[techydevs.com/demos/trizen/html/flags/4x3/ga.svg]
[techydevs.com/demos/trizen/html/flags/1x1/ga.html]
[techydevs.com/demos/trizen/html/flags/4x3/er.svg]
[techydevs.com/demos/trizen/html/flags/4x3/eg.svg]
[techydevs.com/demos/trizen/html/flags/4x3/gd.svg]
[techydevs.com/demos/trizen/html/flags/1x1/gd.html]
[techydevs.com/demos/trizen/html/flags/4x3/ge.svg]
[techydevs.com/demos/trizen/html/flags/1x1/ge.html]
[techydevs.com/demos/trizen/html/flags/4x3/gf.svg]
[techydevs.com/demos/trizen/html/flags/1x1/gf.html]
[techydevs.com/demos/trizen/html/flags/4x3/gg.svg]
[techydevs.com/demos/trizen/html/flags/1x1/gg.html]
[techydevs.com/demos/trizen/html/flags/4x3/gh.svg]
[techydevs.com/demos/trizen/html/flags/1x1/gb.svg]
[techydevs.com/demos/trizen/html/flags/4x3/gi.svg]
[techydevs.com/demos/trizen/html/flags/1x1/gi.html]
[techydevs.com/demos/trizen/html/flags/4x3/gl.svg]
[techydevs.com/demos/trizen/html/flags/1x1/gl.html]
[techydevs.com/demos/trizen/html/flags/4x3/gm.svg]
[techydevs.com/demos/trizen/html/flags/1x1/gm.html]
[techydevs.com/demos/trizen/html/flags/4x3/gn.svg]
[techydevs.com/demos/trizen/html/flags/1x1/gn.html]
[techydevs.com/demos/trizen/html/flags/4x3/gp.svg]
[techydevs.com/demos/trizen/html/flags/1x1/gp.html]
[techydevs.com/demos/trizen/html/flags/4x3/gq.svg]
[techydevs.com/demos/trizen/html/flags/1x1/gq.html]
[techydevs.com/demos/trizen/html/flags/4x3/gr.svg]
[techydevs.com/demos/trizen/html/flags/1x1/gr.html]
[techydevs.com/demos/trizen/html/flags/4x3/gs.svg]
[techydevs.com/demos/trizen/html/flags/1x1/gs.html]
[techydevs.com/demos/trizen/html/flags/1x1/fi.svg]
[techydevs.com/demos/trizen/html/flags/4x3/gt.svg]
[techydevs.com/demos/trizen/html/flags/1x1/gt.html]
[techydevs.com/demos/trizen/html/flags/4x3/gu.svg]
[techydevs.com/demos/trizen/html/flags/1x1/gu.html]
[techydevs.com/demos/trizen/html/flags/4x3/gw.svg]
[techydevs.com/demos/trizen/html/flags/1x1/gw.html]
[techydevs.com/demos/trizen/html/flags/4x3/gy.svg]
[techydevs.com/demos/trizen/html/flags/1x1/gy.html]
[techydevs.com/demos/trizen/html/flags/4x3/hk.svg]
[techydevs.com/demos/trizen/html/flags/1x1/hk.html]
[techydevs.com/demos/trizen/html/flags/4x3/hm.svg]
[techydevs.com/demos/trizen/html/flags/1x1/hm.html]
[techydevs.com/demos/trizen/html/flags/4x3/hn.svg]
[techydevs.com/demos/trizen/html/flags/1x1/hn.html]
[techydevs.com/demos/trizen/html/flags/4x3/hr.svg]
[techydevs.com/demos/trizen/html/flags/4x3/ht.svg]
[techydevs.com/demos/trizen/html/flags/1x1/ht.html]
[techydevs.com/demos/trizen/html/flags/4x3/hu.svg]
[techydevs.com/demos/trizen/html/flags/1x1/hu.html]
[techydevs.com/demos/trizen/html/flags/4x3/id.svg]
[techydevs.com/demos/trizen/html/flags/1x1/id.html]
[techydevs.com/demos/trizen/html/flags/4x3/ie.svg]
[techydevs.com/demos/trizen/html/flags/1x1/ie.html]
[techydevs.com/demos/trizen/html/flags/4x3/il.svg]
[techydevs.com/demos/trizen/html/flags/1x1/il.html]
[techydevs.com/demos/trizen/html/flags/4x3/im.svg]
[techydevs.com/demos/trizen/html/flags/1x1/im.html]
[techydevs.com/demos/trizen/html/flags/4x3/in.svg]
[techydevs.com/demos/trizen/html/flags/1x1/in.html]
[techydevs.com/demos/trizen/html/flags/4x3/io.svg]
[techydevs.com/demos/trizen/html/flags/1x1/io.html]
[techydevs.com/demos/trizen/html/flags/4x3/iq.svg]
[techydevs.com/demos/trizen/html/flags/1x1/iq.html]
[techydevs.com/demos/trizen/html/flags/4x3/ir.svg]
[techydevs.com/demos/trizen/html/flags/1x1/ir.html]
[techydevs.com/demos/trizen/html/flags/4x3/is.svg]
[techydevs.com/demos/trizen/html/flags/1x1/is.html]
[techydevs.com/demos/trizen/html/flags/4x3/it.svg]
[techydevs.com/demos/trizen/html/flags/1x1/it.html]
[techydevs.com/demos/trizen/html/flags/4x3/je.svg]
[techydevs.com/demos/trizen/html/flags/1x1/je.html]
[techydevs.com/demos/trizen/html/flags/4x3/jm.svg]
[techydevs.com/demos/trizen/html/flags/1x1/jm.html]
[techydevs.com/demos/trizen/html/flags/4x3/jo.svg]
[techydevs.com/demos/trizen/html/flags/1x1/jo.html]
[techydevs.com/demos/trizen/html/flags/4x3/jp.svg]
[techydevs.com/demos/trizen/html/flags/1x1/jp.html]
[techydevs.com/demos/trizen/html/flags/4x3/ke.svg]
[techydevs.com/demos/trizen/html/flags/1x1/ke.html]
[techydevs.com/demos/trizen/html/flags/4x3/kg.svg]
[techydevs.com/demos/trizen/html/flags/1x1/kg.html]
[techydevs.com/demos/trizen/html/flags/4x3/kh.svg]
[techydevs.com/demos/trizen/html/flags/1x1/kh.html]
[techydevs.com/demos/trizen/html/flags/4x3/ki.svg]
[techydevs.com/demos/trizen/html/flags/1x1/ki.html]
[techydevs.com/demos/trizen/html/flags/4x3/km.svg]
[techydevs.com/demos/trizen/html/flags/1x1/km.html]
[techydevs.com/demos/trizen/html/flags/4x3/kn.svg]
[techydevs.com/demos/trizen/html/flags/1x1/kn.html]
[techydevs.com/demos/trizen/html/flags/4x3/kp.svg]
[techydevs.com/demos/trizen/html/flags/1x1/kp.html]
[techydevs.com/demos/trizen/html/flags/4x3/kr.svg]
[techydevs.com/demos/trizen/html/flags/1x1/kr.html]
[techydevs.com/demos/trizen/html/flags/4x3/kw.svg]
[techydevs.com/demos/trizen/html/flags/1x1/kw.html]
[techydevs.com/demos/trizen/html/flags/4x3/ky.svg]
[techydevs.com/demos/trizen/html/flags/1x1/ky.html]
[techydevs.com/demos/trizen/html/flags/4x3/kz.svg]
[techydevs.com/demos/trizen/html/flags/1x1/kz.html]
[techydevs.com/demos/trizen/html/flags/4x3/la.svg]
[techydevs.com/demos/trizen/html/flags/1x1/la.html]
[techydevs.com/demos/trizen/html/flags/4x3/lb.svg]
[techydevs.com/demos/trizen/html/flags/1x1/lb.html]
[techydevs.com/demos/trizen/html/flags/4x3/lc.svg]
[techydevs.com/demos/trizen/html/flags/1x1/lc.html]
[techydevs.com/demos/trizen/html/flags/4x3/li.svg]
[techydevs.com/demos/trizen/html/flags/1x1/li.html]
[techydevs.com/demos/trizen/html/flags/4x3/lk.svg]
[techydevs.com/demos/trizen/html/flags/1x1/lk.html]
[techydevs.com/demos/trizen/html/flags/4x3/lr.svg]
[techydevs.com/demos/trizen/html/flags/1x1/lr.html]
[techydevs.com/demos/trizen/html/flags/4x3/ls.svg]
[techydevs.com/demos/trizen/html/flags/1x1/ls.html]
[techydevs.com/demos/trizen/html/flags/4x3/lt.svg]
[techydevs.com/demos/trizen/html/flags/1x1/lt.html]
[techydevs.com/demos/trizen/html/flags/4x3/lu.svg]
[techydevs.com/demos/trizen/html/flags/1x1/lu.html]
[techydevs.com/demos/trizen/html/flags/4x3/lv.svg]
[techydevs.com/demos/trizen/html/flags/1x1/lv.html]
[techydevs.com/demos/trizen/html/flags/4x3/ly.svg]
[techydevs.com/demos/trizen/html/flags/1x1/ly.html]
[techydevs.com/demos/trizen/html/flags/4x3/ma.svg]
[techydevs.com/demos/trizen/html/flags/1x1/ma.html]
[techydevs.com/demos/trizen/html/flags/4x3/mc.svg]
[techydevs.com/demos/trizen/html/flags/1x1/mc.html]
[techydevs.com/demos/trizen/html/flags/4x3/md.svg]
[techydevs.com/demos/trizen/html/flags/1x1/md.html]
[techydevs.com/demos/trizen/html/flags/4x3/me.svg]
[techydevs.com/demos/trizen/html/flags/1x1/me.html]
[techydevs.com/demos/trizen/html/flags/4x3/mf.svg]
[techydevs.com/demos/trizen/html/flags/1x1/mf.html]
[techydevs.com/demos/trizen/html/flags/4x3/mg.svg]
[techydevs.com/demos/trizen/html/flags/1x1/mg.html]
[techydevs.com/demos/trizen/html/flags/4x3/mh.svg]
[techydevs.com/demos/trizen/html/flags/1x1/mh.html]
[techydevs.com/demos/trizen/html/flags/4x3/mk.svg]
[techydevs.com/demos/trizen/html/flags/1x1/mk.html]
[techydevs.com/demos/trizen/html/flags/4x3/ml.svg]
[techydevs.com/demos/trizen/html/flags/1x1/hr.svg]
[techydevs.com/demos/trizen/html/flags/4x3/mm.svg]
[techydevs.com/demos/trizen/html/flags/1x1/mm.html]
[techydevs.com/demos/trizen/html/flags/4x3/mn.svg]
[techydevs.com/demos/trizen/html/flags/1x1/mn.html]
[techydevs.com/demos/trizen/html/flags/4x3/mo.svg]
[techydevs.com/demos/trizen/html/flags/1x1/mo.html]
[techydevs.com/demos/trizen/html/flags/4x3/mp.svg]
[techydevs.com/demos/trizen/html/flags/1x1/mp.html]
[techydevs.com/demos/trizen/html/flags/4x3/mq.svg]
[techydevs.com/demos/trizen/html/flags/1x1/mq.html]
[techydevs.com/demos/trizen/html/flags/4x3/mr.svg]
[techydevs.com/demos/trizen/html/flags/1x1/mr.html]
[techydevs.com/demos/trizen/html/flags/4x3/ms.svg]
[techydevs.com/demos/trizen/html/flags/1x1/ms.html]
[techydevs.com/demos/trizen/html/flags/4x3/mt.svg]
[techydevs.com/demos/trizen/html/flags/1x1/mt.html]
[techydevs.com/demos/trizen/html/flags/4x3/mu.svg]
[techydevs.com/demos/trizen/html/flags/1x1/mu.html]
[techydevs.com/demos/trizen/html/flags/4x3/mv.svg]
[techydevs.com/demos/trizen/html/flags/1x1/mv.svg]
[techydevs.com/demos/trizen/html/flags/4x3/mw.svg]
[techydevs.com/demos/trizen/html/flags/1x1/mw.html]
[techydevs.com/demos/trizen/html/flags/4x3/mx.svg]
[techydevs.com/demos/trizen/html/flags/1x1/mx.html]
[techydevs.com/demos/trizen/html/flags/4x3/my.svg]
[techydevs.com/demos/trizen/html/flags/1x1/my.html]
[techydevs.com/demos/trizen/html/flags/4x3/mz.svg]
[techydevs.com/demos/trizen/html/flags/1x1/mz.html]
[techydevs.com/demos/trizen/html/flags/4x3/na.svg]
[techydevs.com/demos/trizen/html/flags/1x1/na.html]
[techydevs.com/demos/trizen/html/flags/4x3/nc.svg]
[techydevs.com/demos/trizen/html/flags/1x1/nc.html]
[techydevs.com/demos/trizen/html/flags/4x3/ne.svg]
[techydevs.com/demos/trizen/html/flags/1x1/gh.svg]
[techydevs.com/demos/trizen/html/flags/4x3/gb.svg]
[techydevs.com/demos/trizen/html/flags/4x3/nf.svg]
[techydevs.com/demos/trizen/html/flags/1x1/nf.html]
[techydevs.com/demos/trizen/html/flags/4x3/ng.svg]
[techydevs.com/demos/trizen/html/flags/1x1/ng.html]
[techydevs.com/demos/trizen/html/flags/4x3/ni.svg]
[techydevs.com/demos/trizen/html/flags/1x1/ni.html]
[techydevs.com/demos/trizen/html/flags/4x3/nl.svg]
[techydevs.com/demos/trizen/html/flags/4x3/no.svg]
[techydevs.com/demos/trizen/html/flags/1x1/no.html]
[techydevs.com/demos/trizen/html/flags/4x3/np.svg]
[techydevs.com/demos/trizen/html/flags/1x1/np.html]
[techydevs.com/demos/trizen/html/flags/4x3/nr.svg]
[techydevs.com/demos/trizen/html/flags/1x1/nr.html]
[techydevs.com/demos/trizen/html/flags/4x3/nu.svg]
[techydevs.com/demos/trizen/html/flags/1x1/nu.html]
[techydevs.com/demos/trizen/html/flags/4x3/nz.svg]
[techydevs.com/demos/trizen/html/flags/1x1/nz.html]
[techydevs.com/demos/trizen/html/flags/4x3/om.svg]
[techydevs.com/demos/trizen/html/flags/1x1/om.html]
[techydevs.com/demos/trizen/html/flags/4x3/pa.svg]
[techydevs.com/demos/trizen/html/flags/1x1/pa.html]
[techydevs.com/demos/trizen/html/flags/4x3/pe.svg]
[techydevs.com/demos/trizen/html/flags/1x1/pe.html]
[techydevs.com/demos/trizen/html/flags/4x3/pf.svg]
[techydevs.com/demos/trizen/html/flags/1x1/pf.html]
[techydevs.com/demos/trizen/html/flags/4x3/pg.svg]
[techydevs.com/demos/trizen/html/flags/1x1/pg.html]
[techydevs.com/demos/trizen/html/flags/4x3/ph.svg]
[techydevs.com/demos/trizen/html/flags/1x1/ph.html]
[techydevs.com/demos/trizen/html/flags/4x3/pk.svg]
[techydevs.com/demos/trizen/html/flags/1x1/pk.html]
[techydevs.com/demos/trizen/html/flags/4x3/pl.svg]
[techydevs.com/demos/trizen/html/flags/1x1/pl.html]
[techydevs.com/demos/trizen/html/flags/4x3/pm.svg]
[techydevs.com/demos/trizen/html/flags/1x1/pm.html]
[techydevs.com/demos/trizen/html/flags/4x3/pn.svg]
[techydevs.com/demos/trizen/html/flags/1x1/pn.html]
[techydevs.com/demos/trizen/html/flags/4x3/pr.svg]
[techydevs.com/demos/trizen/html/flags/1x1/pr.html]
[techydevs.com/demos/trizen/html/flags/4x3/ps.svg]
[techydevs.com/demos/trizen/html/flags/1x1/ps.html]
[techydevs.com/demos/trizen/html/flags/4x3/pt.svg]
[techydevs.com/demos/trizen/html/flags/1x1/pt.html]
[techydevs.com/demos/trizen/html/flags/4x3/pw.svg]
[techydevs.com/demos/trizen/html/flags/1x1/pw.html]
[techydevs.com/demos/trizen/html/flags/1x1/ne.svg]
[techydevs.com/demos/trizen/html/flags/4x3/py.svg]
[techydevs.com/demos/trizen/html/flags/1x1/py.html]
[techydevs.com/demos/trizen/html/flags/4x3/qa.svg]
[techydevs.com/demos/trizen/html/flags/1x1/qa.html]
[techydevs.com/demos/trizen/html/flags/4x3/re.svg]
[techydevs.com/demos/trizen/html/flags/1x1/re.html]
[techydevs.com/demos/trizen/html/flags/4x3/ro.svg]
[techydevs.com/demos/trizen/html/flags/1x1/ro.html]
[techydevs.com/demos/trizen/html/flags/4x3/rs.svg]
[techydevs.com/demos/trizen/html/flags/4x3/ru.svg]
[techydevs.com/demos/trizen/html/flags/1x1/ru.html]
[techydevs.com/demos/trizen/html/flags/4x3/rw.svg]
[techydevs.com/demos/trizen/html/flags/1x1/rw.html]
[techydevs.com/demos/trizen/html/flags/4x3/sa.svg]
[techydevs.com/demos/trizen/html/flags/1x1/sa.html]
[techydevs.com/demos/trizen/html/flags/4x3/sb.svg]
[techydevs.com/demos/trizen/html/flags/1x1/sb.html]
[techydevs.com/demos/trizen/html/flags/4x3/sc.svg]
[techydevs.com/demos/trizen/html/flags/1x1/sc.html]
[techydevs.com/demos/trizen/html/flags/4x3/sd.svg]
[techydevs.com/demos/trizen/html/flags/1x1/sd.html]
[techydevs.com/demos/trizen/html/flags/4x3/se.svg]
[techydevs.com/demos/trizen/html/flags/1x1/se.html]
[techydevs.com/demos/trizen/html/flags/4x3/sg.svg]
[techydevs.com/demos/trizen/html/flags/1x1/sg.html]
[techydevs.com/demos/trizen/html/flags/4x3/sh.svg]
[techydevs.com/demos/trizen/html/flags/1x1/sh.html]
[techydevs.com/demos/trizen/html/flags/4x3/si.svg]
[techydevs.com/demos/trizen/html/flags/1x1/si.html]
[techydevs.com/demos/trizen/html/flags/4x3/sj.svg]
[techydevs.com/demos/trizen/html/flags/1x1/sj.html]
[techydevs.com/demos/trizen/html/flags/4x3/sk.svg]
[techydevs.com/demos/trizen/html/flags/1x1/sk.html]
[techydevs.com/demos/trizen/html/flags/4x3/sl.svg]
[techydevs.com/demos/trizen/html/flags/1x1/sl.html]
[techydevs.com/demos/trizen/html/flags/4x3/sm.svg]
[techydevs.com/demos/trizen/html/flags/1x1/sm.html]
[techydevs.com/demos/trizen/html/flags/4x3/sn.svg]
[techydevs.com/demos/trizen/html/flags/1x1/sn.html]
[techydevs.com/demos/trizen/html/flags/4x3/so.svg]
[techydevs.com/demos/trizen/html/flags/1x1/so.html]
[techydevs.com/demos/trizen/html/flags/4x3/sr.svg]
[techydevs.com/demos/trizen/html/flags/1x1/sr.html]
[techydevs.com/demos/trizen/html/flags/4x3/ss.svg]
[techydevs.com/demos/trizen/html/flags/1x1/ss.html]
[techydevs.com/demos/trizen/html/flags/4x3/st.svg]
[techydevs.com/demos/trizen/html/flags/1x1/st.html]
[techydevs.com/demos/trizen/html/flags/4x3/sv.svg]
[techydevs.com/demos/trizen/html/flags/1x1/sv.html]
[techydevs.com/demos/trizen/html/flags/4x3/sx.svg]
[techydevs.com/demos/trizen/html/flags/1x1/sx.html]
[techydevs.com/demos/trizen/html/flags/4x3/sy.svg]
[techydevs.com/demos/trizen/html/flags/1x1/sy.html]
[techydevs.com/demos/trizen/html/flags/4x3/sz.svg]
[techydevs.com/demos/trizen/html/flags/1x1/sz.html]
[techydevs.com/demos/trizen/html/flags/4x3/tc.svg]
[techydevs.com/demos/trizen/html/flags/1x1/tc.html]
[techydevs.com/demos/trizen/html/flags/4x3/td.svg]
[techydevs.com/demos/trizen/html/flags/1x1/td.html]
[techydevs.com/demos/trizen/html/flags/4x3/tf.svg]
[techydevs.com/demos/trizen/html/flags/1x1/tf.html]
[techydevs.com/demos/trizen/html/flags/4x3/tg.svg]
[techydevs.com/demos/trizen/html/flags/1x1/tg.html]
[techydevs.com/demos/trizen/html/flags/4x3/th.svg]
[techydevs.com/demos/trizen/html/flags/4x3/tj.svg]
[techydevs.com/demos/trizen/html/flags/1x1/tj.html]
[techydevs.com/demos/trizen/html/flags/4x3/tk.svg]
[techydevs.com/demos/trizen/html/flags/1x1/tk.html]
[techydevs.com/demos/trizen/html/flags/4x3/tl.svg]
[techydevs.com/demos/trizen/html/flags/1x1/tl.html]
[techydevs.com/demos/trizen/html/flags/4x3/tm.svg]
[techydevs.com/demos/trizen/html/flags/1x1/tm.html]
[techydevs.com/demos/trizen/html/flags/4x3/tn.svg]
[techydevs.com/demos/trizen/html/flags/1x1/tn.html]
[techydevs.com/demos/trizen/html/flags/4x3/to.svg]
[techydevs.com/demos/trizen/html/flags/1x1/to.html]
[techydevs.com/demos/trizen/html/flags/4x3/tr.svg]
[techydevs.com/demos/trizen/html/flags/1x1/tr.html]
[techydevs.com/demos/trizen/html/flags/4x3/tt.svg]
[techydevs.com/demos/trizen/html/flags/1x1/tt.html]
[techydevs.com/demos/trizen/html/flags/4x3/tv.svg]
[techydevs.com/demos/trizen/html/flags/1x1/tv.html]
[techydevs.com/demos/trizen/html/flags/4x3/tw.svg]
[techydevs.com/demos/trizen/html/flags/1x1/tw.html]
[techydevs.com/demos/trizen/html/flags/4x3/tz.svg]
[techydevs.com/demos/trizen/html/flags/1x1/tz.html]
[techydevs.com/demos/trizen/html/flags/4x3/ua.svg]
[techydevs.com/demos/trizen/html/flags/1x1/ua.html]
[techydevs.com/demos/trizen/html/flags/4x3/ug.svg]
[techydevs.com/demos/trizen/html/flags/1x1/ug.html]
[techydevs.com/demos/trizen/html/flags/4x3/um.svg]
[techydevs.com/demos/trizen/html/flags/1x1/um.html]
[techydevs.com/demos/trizen/html/flags/4x3/us.svg]
[techydevs.com/demos/trizen/html/flags/1x1/us.html]
[techydevs.com/demos/trizen/html/flags/1x1/ml.svg]
[techydevs.com/demos/trizen/html/flags/1x1/rs.svg]
[techydevs.com/demos/trizen/html/flags/4x3/uy.svg]
[techydevs.com/demos/trizen/html/flags/1x1/uy.html]
[techydevs.com/demos/trizen/html/flags/4x3/uz.svg]
[techydevs.com/demos/trizen/html/flags/1x1/uz.html]
[techydevs.com/demos/trizen/html/flags/4x3/va.svg]
[techydevs.com/demos/trizen/html/flags/1x1/va.html]
[techydevs.com/demos/trizen/html/flags/4x3/vc.svg]
[techydevs.com/demos/trizen/html/flags/1x1/vc.html]
[techydevs.com/demos/trizen/html/flags/4x3/ve.svg]
[techydevs.com/demos/trizen/html/flags/1x1/ve.html]
[techydevs.com/demos/trizen/html/flags/4x3/vg.svg]
[techydevs.com/demos/trizen/html/flags/1x1/vg.html]
[techydevs.com/demos/trizen/html/flags/4x3/vi.svg]
[techydevs.com/demos/trizen/html/flags/1x1/vi.html]
[techydevs.com/demos/trizen/html/flags/4x3/vn.svg]
[techydevs.com/demos/trizen/html/flags/1x1/vn.html]
[techydevs.com/demos/trizen/html/flags/4x3/vu.svg]
[techydevs.com/demos/trizen/html/flags/1x1/vu.html]
[techydevs.com/demos/trizen/html/flags/4x3/wf.svg]
[techydevs.com/demos/trizen/html/flags/1x1/wf.html]
[techydevs.com/demos/trizen/html/flags/4x3/ws.svg]
[techydevs.com/demos/trizen/html/flags/1x1/ws.html]
[techydevs.com/demos/trizen/html/flags/4x3/ye.svg]
[techydevs.com/demos/trizen/html/flags/4x3/yt.svg]
[techydevs.com/demos/trizen/html/flags/1x1/yt.html]
[techydevs.com/demos/trizen/html/flags/4x3/za.svg]
[techydevs.com/demos/trizen/html/flags/1x1/za.html]
[techydevs.com/demos/trizen/html/flags/4x3/zm.svg]
[techydevs.com/demos/trizen/html/flags/1x1/zm.html]
[techydevs.com/demos/trizen/html/flags/4x3/zw.svg]
[techydevs.com/demos/trizen/html/flags/1x1/zw.html]
[techydevs.com/demos/trizen/html/flags/4x3/es-ca.svg]
[techydevs.com/demos/trizen/html/flags/4x3/eu.svg]
[techydevs.com/demos/trizen/html/flags/1x1/eu.html]
[techydevs.com/demos/trizen/html/flags/4x3/gb-eng.svg]
[techydevs.com/demos/trizen/html/flags/1x1/gb-eng.html]
[techydevs.com/demos/trizen/html/flags/4x3/gb-nir.svg]
[techydevs.com/demos/trizen/html/flags/1x1/gb-nir.html]
[techydevs.com/demos/trizen/html/flags/4x3/gb-sct.svg]
[techydevs.com/demos/trizen/html/flags/4x3/gb-wls.svg]
[techydevs.com/demos/trizen/html/flags/1x1/gb-wls.html]
[techydevs.com/demos/trizen/html/flags/4x3/un.svg]
[techydevs.com/demos/trizen/html/flags/1x1/un.html]
[techydevs.com/demos/trizen/html/flags/4x3/xk.svg]
[techydevs.com/demos/trizen/html/flags/1x1/xk.html]
[techydevs.com/demos/trizen/html/images/dots.html]
[techydevs.com/demos/trizen/html/css/animate.min.css]
[techydevs.com/demos/trizen/html/activity-search-result.html]
[techydevs.com/demos/trizen/html/images/img2.jpg]
[techydevs.com/demos/trizen/html/images/img3.jpg]
[techydevs.com/demos/trizen/html/flags/1x1/ye.svg]
[techydevs.com/demos/trizen/html/images/img4.jpg]
[techydevs.com/demos/trizen/html/js/quantity-input.js]
[techydevs.com/demos/trizen/html/flags/1x1/gb-sct.svg]
[techydevs.com/demos/trizen/html/js/jquery.superslides.min.js]
[techydevs.com/demos/trizen/html/js/superslider-script.js]
[techydevs.com/demos/trizen/html/css/jquery.autocomplete.css]
[techydevs.com/demos/trizen/html/images/img28.jpg]
[techydevs.com/demos/trizen/html/js/jquery.autocomplete.js]
[techydevs.com/demos/trizen/html/js/autocomplete-script.js]
[techydevs.com/demos/trizen/html/js/copy-text-script.js]
[techydevs.com/demos/trizen/html/js/navbar-sticky.js]
[techydevs.com/demos/trizen/html/images/delta-airline.png]
[techydevs.com/demos/trizen/html/cruise-booking.html]
[techydevs.com/demos/trizen/html/images/oceanview-cabin.jpg]
[techydevs.com/demos/trizen/html/css/images/layers.png]
[techydevs.com/demos/trizen/html/css/images/layers-2x.png]
[techydevs.com/demos/trizen/html/css/images/marker-icon.png]
[techydevs.com/demos/trizen/html/css/leaflet.css]
[techydevs.com/demos/trizen/html/js/jquery.multi-file.min.js]
[techydevs.com/demos/trizen/html/js/map-add.js]
[techydevs.com/demos/trizen/html/add-tour.html]
[techydevs.com/demos/trizen/html/user-dashboard-profile.html]
[techydevs.com/demos/trizen/html/user-dashboard-booking.html]
[techydevs.com/demos/trizen/html/js/jquery.filer.min.js]
[techydevs.com/demos/trizen/html/user-dashboard-reviews.html]
[techydevs.com/demos/trizen/html/user-dashboard-settings.html]
[techydevs.com/demos/trizen/html/user-dashboard-wishlist.html]
[techydevs.com/demos/trizen/html/js/chart.js]
[techydevs.com/demos/trizen/html/js/chart.extension.js]
[techydevs.com/demos/trizen/html/js/bar-chart.js]
[techydevs.com/demos/trizen/html/admin-dashboard-booking.html]
[techydevs.com/demos/trizen/html/admin-dashboard-orders.html]
[techydevs.com/demos/trizen/html/admin-dashboard-orders-details.html]
[techydevs.com/demos/trizen/html/admin-dashboard-travellers.html]
[techydevs.com/demos/trizen/html/admin-dashboard-traveler-detail.html]
[techydevs.com/demos/trizen/html/admin-dashboard-visa.html]
[techydevs.com/demos/trizen/html/admin-dashboard-reviews.html]
[techydevs.com/demos/trizen/html/admin-dashboard-wishlist.html]
[techydevs.com/demos/trizen/html/admin-dashboard-travel-agents.html]
[techydevs.com/demos/trizen/html/admin-invoice.html]
[techydevs.com/demos/trizen/html/admin-payments.html]
[techydevs.com/demos/trizen/html/admin-countries.html]
[techydevs.com/demos/trizen/html/admin-airlines.html]
[techydevs.com/demos/trizen/html/admin-currency-list.html]
[techydevs.com/demos/trizen/html/admin-dashboard-settings.html]
[techydevs.com/demos/trizen/html/js/jquery.sparkline.js]
[techydevs.com/demos/trizen/html/js/dashboard.js]
[techydevs.com/demos/trizen/html/js/line-chart.js]
[techydevs.com/demos/trizen/html/css/leaflet.routing.icons.png]
[techydevs.com/demos/trizen/html/css/routing-icon.png]
[techydevs.com/demos/trizen/html/css/leaflet-routing-machine.css]
[techydevs.com/demos/trizen/html/js/leaflet.js]
[techydevs.com/demos/trizen/html/GET]
[techydevs.com/demos/trizen/html/js/leaflet-routing-machine.js]
[techydevs.com/demos/trizen/html/js/Control.Geocoder.js]
[techydevs.com/demos/trizen/html/js/leaflet-routing-script.js]
[techydevs.com/demos/trizen/html/images/bus.svg]
[techydevs.com/demos/trizen/html/js/gumshoe.polyfills.min.js]
[techydevs.com/demos/trizen/html/js/bus-stop-map.js]
[techydevs.com/demos/trizen/html/js/route-destination-map.js]
[techydevs.com/demos/trizen/html/js/map.js]
[techydevs.com/demos/trizen/html/js/masonry-4.2.2.min.js]
[techydevs.com/demos/trizen/html/images/team4.jpg]
[techydevs.com/demos/trizen/html/js/ckeditor.js]
[techydevs.com/demos/trizen/html/js/countdown.js]
[techydevs.com/demos/trizen/html/js/total-price.js]
[techydevs.com/demos/trizen/html/popper.html]
[techydevs.com/demos/trizen/html/flags/1x1/bo.svg]
[techydevs.com/demos/trizen/html/images/seat3.png]
[techydevs.com/demos/trizen/html/flags/1x1/bw.svg]
[techydevs.com/demos/trizen/html/flags/1x1/dk.svg]
[techydevs.com/demos/trizen/html/flags/1x1/am.svg]
[techydevs.com/demos/trizen/html/flags/4x3/eg.svg]
[techydevs.com/demos/trizen/html/flags/4x3/er.svg]
[techydevs.com/demos/trizen/html/flags/1x1/fi.svg]
[techydevs.com/demos/trizen/html/flags/4x3/gb.svg]
[techydevs.com/demos/trizen/html/flags/1x1/gb.svg]
[techydevs.com/demos/trizen/html/flags/1x1/gh.svg]
[techydevs.com/demos/trizen/html/flags/1x1/hr.svg]
[techydevs.com/demos/trizen/html/flags/1x1/ml.svg]
[techydevs.com/demos/trizen/html/flags/1x1/mv.svg]
[techydevs.com/demos/trizen/html/flags/1x1/ne.svg]
[techydevs.com/demos/trizen/html/flags/1x1/rs.svg]
[techydevs.com/demos/trizen/html/flags/1x1/ye.svg]
[techydevs.com/demos/trizen/html/flags/1x1/bg.svg]
[techydevs.com/demos/trizen/html/flags/1x1/gb-sct.svg]
[techydevs.com/demos/trizen/html/css/images/layers.html]
[techydevs.com/demos/trizen/html/css/images/layers-2x.html]
[techydevs.com/demos/trizen/html/js/jquery.filer.min.html]
[techydevs.com/demos/trizen/html/admin-currency-list.html]
[techydevs.com/demos/trizen/html/flags/1x1/nl.svg]
[techydevs.com/demos/trizen/html/flags/1x1/th.svg]
[techydevs.com/demos/trizen/html/css/routing-icon.html]
[techydevs.com/demos/trizen/html/GET.html]
[techydevs.com/demos/trizen/html/flags/1x1/am.svg]
[techydevs.com/demos/trizen/html/flags/1x1/bg.svg]
[techydevs.com/demos/trizen/html/flags/1x1/bo.svg]
[techydevs.com/demos/trizen/html/flags/1x1/nl.svg]
[techydevs.com/demos/trizen/html/flags/1x1/th.svg]
[techydevs.com/demos/trizen/html/admin-dashboard-subscribers.html]
[techydevs.com/demos/trizen/html/flags/1x1/es-ca.svg]
[techydevs.com/demos/trizen/html/flags/1x1/es-ca.svg]
[techydevs.com/demos/trizen/html/admin-dashboard-subscribers.html]
[{s}.tile.osm.org/{z}/{x}/{y}.png]
[{s}.tile.openstreetmap.org/{z}/{x}/{y}.png]
